ros@zenbook-victor:/workspaces/MobileRobotNav2$ ros2 launch pcb_simulation sim.launch.py 
[INFO] [launch]: All log files can be found below /home/ros/.ros/log/2026-05-03-16-04-59-097290-zenbook-victor-34187
[INFO] [launch]: Default logging verbosity is set to INFO
[INFO] [gazebo-1]: process started with pid [34207]
[INFO] [parameter_bridge-2]: process started with pid [34208]
[INFO] [parameter_bridge-3]: process started with pid [34209]
[INFO] [parameter_bridge-4]: process started with pid [34210]
[INFO] [create-5]: process started with pid [34211]
[INFO] [static_transform_publisher-6]: process started with pid [34214]
[INFO] [rviz2-7]: process started with pid [34215]
[INFO] [car_controller-8]: process started with pid [34216]
[INFO] [gt_node-9]: process started with pid [34218]
[static_transform_publisher-6] [INFO] [1777824299.814489585] [static_transform_publisher_SCW2b4GNZHoVCzbo]: Spinning until stopped - publishing transform
[static_transform_publisher-6] translation: ('0.250000', '1.750000', '0.000000')
[static_transform_publisher-6] rotation: ('0.000000', '0.000000', '0.000000', '1.000000')
[static_transform_publisher-6] from 'map' to 'odom'
[create-5] [INFO] [1777824299.834341538] [ros_gz_sim]: Requesting list of world names.
[rviz2-7] [INFO] [1777824300.119512838] [rviz2]: Stereo is NOT SUPPORTED
[rviz2-7] [INFO] [1777824300.119616372] [rviz2]: OpenGl version: 4.6 (GLSL 4.6)
[rviz2-7] [INFO] [1777824300.141628029] [rviz2]: Stereo is NOT SUPPORTED
[INFO] [robot_state_publisher-10]: process started with pid [34443]
[robot_state_publisher-10] [INFO] [1777824302.057791036] [robot_state_publisher]: Robot initialized
[INFO] [spawner-11]: process started with pid [34460]
[INFO] [spawner-12]: process started with pid [34461]
[spawner-11] [INFO] [1777824303.483120636] [spawner_joint_state_broadcaster]: waiting for service /controller_manager/list_controllers to become available...
[create-5] [INFO] [1777824304.835015378] [ros_gz_sim]: Requesting list of world names.
[INFO] [jenga_manager_node-13]: process started with pid [34573]
[INFO] [lifecycle_manager-14]: process started with pid [34574]
[INFO] [component_container_isolated-15]: process started with pid [34575]
[lifecycle_manager-14] [INFO] [1777824307.766035827] [lifecycle_manager_application]: Creating
[lifecycle_manager-14] [INFO] [1777824307.770653474] [lifecycle_manager_application]: Creating and initializing lifecycle service clients
[component_container_isolated-15] [INFO] [1777824308.599651851] [nav2_container]: Load Library: /opt/ros/jazzy/lib/libcontroller_server_core.so
[component_container_isolated-15] [INFO] [1777824308.619387786] [nav2_container]: Found class: rclcpp_components::NodeFactoryTemplate<nav2_controller::ControllerServer>
[component_container_isolated-15] [INFO] [1777824308.619479228] [nav2_container]: Instantiate class: rclcpp_components::NodeFactoryTemplate<nav2_controller::ControllerServer>
[component_container_isolated-15] [INFO] [1777824308.640785244] [controller_server]: 
[component_container_isolated-15]       controller_server lifecycle node launched. 
[component_container_isolated-15]       Waiting on external lifecycle transitions to activate
[component_container_isolated-15]       See https://design.ros2.org/articles/node_lifecycle.html for more information.
[component_container_isolated-15] [INFO] [1777824308.647562354] [controller_server]: Creating controller server
[component_container_isolated-15] [INFO] [1777824308.668949953] [local_costmap.local_costmap]: 
[component_container_isolated-15]       local_costmap lifecycle node launched. 
[component_container_isolated-15]       Waiting on external lifecycle transitions to activate
[component_container_isolated-15]       See https://design.ros2.org/articles/node_lifecycle.html for more information.
[component_container_isolated-15] [INFO] [1777824308.671634870] [local_costmap.local_costmap]: Creating Costmap
[component_container_isolated-15] [INFO] [1777824308.673433639] [nav2_container]: Load Library: /opt/ros/jazzy/lib/libmap_server_core.so
[INFO] [launch_ros.actions.load_composable_nodes]: Loaded node '/controller_server' in container '/nav2_container'
[component_container_isolated-15] [INFO] [1777824308.693139478] [nav2_container]: Found class: rclcpp_components::NodeFactoryTemplate<nav2_map_server::CostmapFilterInfoServer>
[component_container_isolated-15] [INFO] [1777824308.693219799] [nav2_container]: Found class: rclcpp_components::NodeFactoryTemplate<nav2_map_server::MapSaver>
[component_container_isolated-15] [INFO] [1777824308.693225670] [nav2_container]: Found class: rclcpp_components::NodeFactoryTemplate<nav2_map_server::MapServer>
[component_container_isolated-15] [INFO] [1777824308.693231090] [nav2_container]: Instantiate class: rclcpp_components::NodeFactoryTemplate<nav2_map_server::MapServer>
[component_container_isolated-15] [INFO] [1777824308.710734395] [map_server]: 
[component_container_isolated-15]       map_server lifecycle node launched. 
[component_container_isolated-15]       Waiting on external lifecycle transitions to activate
[component_container_isolated-15]       See https://design.ros2.org/articles/node_lifecycle.html for more information.
[component_container_isolated-15] [INFO] [1777824308.710794077] [map_server]: Creating
[INFO] [launch_ros.actions.load_composable_nodes]: Loaded node '/map_server' in container '/nav2_container'
[component_container_isolated-15] [INFO] [1777824308.711739307] [nav2_container]: Load Library: /opt/ros/jazzy/lib/libnav2_lifecycle_manager_core.so
[component_container_isolated-15] [INFO] [1777824308.713357026] [nav2_container]: Found class: rclcpp_components::NodeFactoryTemplate<nav2_lifecycle_manager::LifecycleManager>
[component_container_isolated-15] [INFO] [1777824308.713382183] [nav2_container]: Instantiate class: rclcpp_components::NodeFactoryTemplate<nav2_lifecycle_manager::LifecycleManager>
[component_container_isolated-15] [INFO] [1777824308.725769509] [lifecycle_manager_localization]: Creating
[INFO] [launch_ros.actions.load_composable_nodes]: Loaded node '/lifecycle_manager_localization' in container '/nav2_container'
[component_container_isolated-15] [INFO] [1777824308.731581271] [lifecycle_manager_localization]: Creating and initializing lifecycle service clients
[component_container_isolated-15] [INFO] [1777824308.732098861] [nav2_container]: Load Library: /opt/ros/jazzy/lib/libsmoother_server_core.so
[component_container_isolated-15] [INFO] [1777824308.734351048] [nav2_container]: Found class: rclcpp_components::NodeFactoryTemplate<nav2_smoother::SmootherServer>
[component_container_isolated-15] [INFO] [1777824308.734378058] [nav2_container]: Instantiate class: rclcpp_components::NodeFactoryTemplate<nav2_smoother::SmootherServer>
[component_container_isolated-15] [INFO] [1777824308.735813045] [lifecycle_manager_localization]: Starting managed nodes bringup...
[component_container_isolated-15] [INFO] [1777824308.735999334] [lifecycle_manager_localization]: Configuring map_server
[component_container_isolated-15] [INFO] [1777824308.736189771] [map_server]: Configuring
[component_container_isolated-15] [INFO] [1777824308.736261595] [map_io]: Loading yaml file: /workspaces/MobileRobotNav2/install/share/pcb_bringup/config/map/map_cdfr_simple.yaml
[component_container_isolated-15] [INFO] [1777824308.737378036] [map_io]: resolution: 0.01
[component_container_isolated-15] [INFO] [1777824308.737401840] [map_io]: origin[0]: -0.05
[component_container_isolated-15] [INFO] [1777824308.737407000] [map_io]: origin[1]: -0.05
[component_container_isolated-15] [INFO] [1777824308.737412019] [map_io]: origin[2]: 0
[component_container_isolated-15] [INFO] [1777824308.737417339] [map_io]: free_thresh: 0.3
[component_container_isolated-15] [INFO] [1777824308.737422339] [map_io]: occupied_thresh: 0.7
[component_container_isolated-15] [INFO] [1777824308.737429823] [map_io]: mode: trinary
[component_container_isolated-15] [INFO] [1777824308.737435964] [map_io]: negate: 0
[component_container_isolated-15] [INFO] [1777824308.737965967] [map_io]: Loading image_file: /workspaces/MobileRobotNav2/install/share/pcb_bringup/config/map/map_cdfr_simple.pgm
[component_container_isolated-15] [INFO] [1777824308.739997350] [map_io]: Read map /workspaces/MobileRobotNav2/install/share/pcb_bringup/config/map/map_cdfr_simple.pgm: 310 X 210 map @ 0.01 m/cell
[component_container_isolated-15] [INFO] [1777824308.746029686] [lifecycle_manager_localization]: Activating map_server
[component_container_isolated-15] [INFO] [1777824308.746227386] [map_server]: Activating
[component_container_isolated-15] [INFO] [1777824308.746423153] [map_server]: Creating bond (map_server) to lifecycle manager.
[component_container_isolated-15] [INFO] [1777824308.755047362] [smoother_server]: 
[component_container_isolated-15]       smoother_server lifecycle node launched. 
[component_container_isolated-15]       Waiting on external lifecycle transitions to activate
[component_container_isolated-15]       See https://design.ros2.org/articles/node_lifecycle.html for more information.
[component_container_isolated-15] [INFO] [1777824308.756723400] [smoother_server]: Creating smoother server
[INFO] [launch_ros.actions.load_composable_nodes]: Loaded node '/smoother_server' in container '/nav2_container'
[component_container_isolated-15] [INFO] [1777824308.760285280] [nav2_container]: Load Library: /opt/ros/jazzy/lib/libplanner_server_core.so
[component_container_isolated-15] [INFO] [1777824308.761353811] [nav2_container]: Found class: rclcpp_components::NodeFactoryTemplate<nav2_planner::PlannerServer>
[component_container_isolated-15] [INFO] [1777824308.761378127] [nav2_container]: Instantiate class: rclcpp_components::NodeFactoryTemplate<nav2_planner::PlannerServer>
[component_container_isolated-15] [INFO] [1777824308.776711238] [planner_server]: 
[component_container_isolated-15]       planner_server lifecycle node launched. 
[component_container_isolated-15]       Waiting on external lifecycle transitions to activate
[component_container_isolated-15]       See https://design.ros2.org/articles/node_lifecycle.html for more information.
[component_container_isolated-15] [INFO] [1777824308.778824004] [planner_server]: Creating
[component_container_isolated-15] [INFO] [1777824308.794391615] [global_costmap.global_costmap]: 
[component_container_isolated-15]       global_costmap lifecycle node launched. 
[component_container_isolated-15]       Waiting on external lifecycle transitions to activate
[component_container_isolated-15]       See https://design.ros2.org/articles/node_lifecycle.html for more information.
[component_container_isolated-15] [INFO] [1777824308.794992420] [global_costmap.global_costmap]: Creating Costmap
[INFO] [launch_ros.actions.load_composable_nodes]: Loaded node '/planner_server' in container '/nav2_container'
[component_container_isolated-15] [INFO] [1777824308.799319483] [nav2_container]: Load Library: /opt/ros/jazzy/lib/libbehavior_server_core.so
[component_container_isolated-15] [INFO] [1777824308.800584722] [nav2_container]: Found class: rclcpp_components::NodeFactoryTemplate<behavior_server::BehaviorServer>
[component_container_isolated-15] [INFO] [1777824308.800605190] [nav2_container]: Instantiate class: rclcpp_components::NodeFactoryTemplate<behavior_server::BehaviorServer>
[component_container_isolated-15] [INFO] [1777824308.818040167] [behavior_server]: 
[component_container_isolated-15]       behavior_server lifecycle node launched. 
[component_container_isolated-15]       Waiting on external lifecycle transitions to activate
[component_container_isolated-15]       See https://design.ros2.org/articles/node_lifecycle.html for more information.
[INFO] [launch_ros.actions.load_composable_nodes]: Loaded node '/behavior_server' in container '/nav2_container'
[component_container_isolated-15] [INFO] [1777824308.823314283] [nav2_container]: Load Library: /opt/ros/jazzy/lib/libbt_navigator_core.so
[component_container_isolated-15] [INFO] [1777824308.828160648] [nav2_container]: Found class: rclcpp_components::NodeFactoryTemplate<nav2_bt_navigator::BtNavigator>
[component_container_isolated-15] [INFO] [1777824308.828220380] [nav2_container]: Instantiate class: rclcpp_components::NodeFactoryTemplate<nav2_bt_navigator::BtNavigator>
[component_container_isolated-15] [INFO] [1777824308.848438178] [bt_navigator]: 
[component_container_isolated-15]       bt_navigator lifecycle node launched. 
[component_container_isolated-15]       Waiting on external lifecycle transitions to activate
[component_container_isolated-15]       See https://design.ros2.org/articles/node_lifecycle.html for more information.
[component_container_isolated-15] [INFO] [1777824308.850387929] [bt_navigator]: Creating
[INFO] [launch_ros.actions.load_composable_nodes]: Loaded node '/bt_navigator' in container '/nav2_container'
[component_container_isolated-15] [INFO] [1777824308.852871079] [lifecycle_manager_localization]: Server map_server connected with bond.
[component_container_isolated-15] [INFO] [1777824308.852911435] [lifecycle_manager_localization]: Managed nodes are active
[component_container_isolated-15] [INFO] [1777824308.852927354] [lifecycle_manager_localization]: Creating bond timer...
[component_container_isolated-15] [INFO] [1777824308.853118412] [nav2_container]: Load Library: /opt/ros/jazzy/lib/libwaypoint_follower_core.so
[lifecycle_manager-14] [INFO] [1777824308.853807743] [lifecycle_manager_application]: Starting managed nodes bringup...
[lifecycle_manager-14] [INFO] [1777824308.853847868] [lifecycle_manager_application]: Configuring jenga_manager
[component_container_isolated-15] [INFO] [1777824308.854647135] [nav2_container]: Found class: rclcpp_components::NodeFactoryTemplate<nav2_waypoint_follower::WaypointFollower>
[component_container_isolated-15] [INFO] [1777824308.854665198] [nav2_container]: Instantiate class: rclcpp_components::NodeFactoryTemplate<nav2_waypoint_follower::WaypointFollower>
[component_container_isolated-15] [INFO] [1777824308.874495862] [waypoint_follower]: 
[component_container_isolated-15]       waypoint_follower lifecycle node launched. 
[component_container_isolated-15]       Waiting on external lifecycle transitions to activate
[component_container_isolated-15]       See https://design.ros2.org/articles/node_lifecycle.html for more information.
[component_container_isolated-15] [INFO] [1777824308.876066663] [waypoint_follower]: Creating
[INFO] [launch_ros.actions.load_composable_nodes]: Loaded node '/waypoint_follower' in container '/nav2_container'
[component_container_isolated-15] [INFO] [1777824308.878805462] [nav2_container]: Load Library: /opt/ros/jazzy/lib/libvelocity_smoother_core.so
[component_container_isolated-15] [INFO] [1777824308.879814912] [nav2_container]: Found class: rclcpp_components::NodeFactoryTemplate<nav2_velocity_smoother::VelocitySmoother>
[component_container_isolated-15] [INFO] [1777824308.879829680] [nav2_container]: Instantiate class: rclcpp_components::NodeFactoryTemplate<nav2_velocity_smoother::VelocitySmoother>
[component_container_isolated-15] [INFO] [1777824308.896070761] [velocity_smoother]: 
[INFO] [launch_ros.actions.load_composable_nodes]: Loaded node '/velocity_smoother' in container '/nav2_container'
[component_container_isolated-15]       velocity_smoother lifecycle node launched. 
[component_container_isolated-15]       Waiting on external lifecycle transitions to activate
[component_container_isolated-15]       See https://design.ros2.org/articles/node_lifecycle.html for more information.
[component_container_isolated-15] [INFO] [1777824308.898792638] [nav2_container]: Load Library: /opt/ros/jazzy/lib/libcollision_monitor_core.so
[component_container_isolated-15] [INFO] [1777824308.902432213] [nav2_container]: Found class: rclcpp_components::NodeFactoryTemplate<nav2_collision_monitor::CollisionMonitor>
[component_container_isolated-15] [INFO] [1777824308.902481506] [nav2_container]: Instantiate class: rclcpp_components::NodeFactoryTemplate<nav2_collision_monitor::CollisionMonitor>
[component_container_isolated-15] [INFO] [1777824308.929727895] [collision_monitor]: 
[component_container_isolated-15]       collision_monitor lifecycle node launched. 
[INFO] [launch_ros.actions.load_composable_nodes]: Loaded node '/collision_monitor' in container '/nav2_container'
[component_container_isolated-15]       Waiting on external lifecycle transitions to activate
[component_container_isolated-15]       See https://design.ros2.org/articles/node_lifecycle.html for more information.
[component_container_isolated-15] [INFO] [1777824308.932043311] [nav2_container]: Found class: rclcpp_components::NodeFactoryTemplate<nav2_lifecycle_manager::LifecycleManager>
[component_container_isolated-15] [INFO] [1777824308.932066915] [nav2_container]: Instantiate class: rclcpp_components::NodeFactoryTemplate<nav2_lifecycle_manager::LifecycleManager>
[component_container_isolated-15] [INFO] [1777824308.949271220] [lifecycle_manager_navigation]: Creating
[component_container_isolated-15] [INFO] [1777824308.952073708] [lifecycle_manager_navigation]: Creating and initializing lifecycle service clients
[INFO] [launch_ros.actions.load_composable_nodes]: Loaded node '/lifecycle_manager_navigation' in container '/nav2_container'
[component_container_isolated-15] [INFO] [1777824308.982703693] [lifecycle_manager_navigation]: Starting managed nodes bringup...
[component_container_isolated-15] [INFO] [1777824308.982751653] [lifecycle_manager_navigation]: Configuring controller_server
[component_container_isolated-15] [INFO] [1777824308.982873792] [controller_server]: Configuring controller interface
[component_container_isolated-15] [INFO] [1777824308.982898137] [controller_server]: getting progress checker plugins..
[component_container_isolated-15] [INFO] [1777824308.983250577] [controller_server]: getting goal checker plugins..
[component_container_isolated-15] [INFO] [1777824308.983426046] [controller_server]: Controller frequency set to 10.0000Hz
[component_container_isolated-15] [INFO] [1777824308.983504122] [local_costmap.local_costmap]: Configuring
[component_container_isolated-15] [INFO] [1777824308.993709031] [local_costmap.local_costmap]: Using plugin "voxel_layer"
[component_container_isolated-15] [INFO] [1777824308.997138072] [local_costmap.local_costmap]: Subscribed to Topics: scan
[component_container_isolated-15] [INFO] [1777824309.010547401] [local_costmap.local_costmap]: Initialized plugin "voxel_layer"
[component_container_isolated-15] [INFO] [1777824309.010610299] [local_costmap.local_costmap]: Using plugin "inflation_layer"
[component_container_isolated-15] [INFO] [1777824309.012123923] [local_costmap.local_costmap]: Initialized plugin "inflation_layer"
[component_container_isolated-15] [INFO] [1777824309.034297003] [controller_server]: Created progress_checker : progress_checker of type nav2_controller::SimpleProgressChecker
[component_container_isolated-15] [INFO] [1777824309.034963321] [controller_server]: Controller Server has progress_checker  progress checkers available.
[component_container_isolated-15] [INFO] [1777824309.035668571] [controller_server]: Created goal checker : general_goal_checker of type nav2_controller::SimpleGoalChecker
[component_container_isolated-15] [INFO] [1777824309.036465794] [controller_server]: Controller Server has general_goal_checker  goal checkers available.
[component_container_isolated-15] [INFO] [1777824309.041091305] [controller_server]: Created controller : FollowPath of type dwb_core::DWBLocalPlanner
[component_container_isolated-15] [INFO] [1777824309.042874314] [controller_server]: Setting transform_tolerance to 0.100000
[component_container_isolated-15] [INFO] [1777824309.059892751] [controller_server]: Using critic "RotateToGoal" (dwb_critics::RotateToGoalCritic)
[component_container_isolated-15] [INFO] [1777824309.060758062] [controller_server]: Critic plugin initialized
[component_container_isolated-15] [INFO] [1777824309.060938880] [controller_server]: Using critic "Oscillation" (dwb_critics::OscillationCritic)
[component_container_isolated-15] [INFO] [1777824309.061838084] [controller_server]: Critic plugin initialized
[component_container_isolated-15] [INFO] [1777824309.062017260] [controller_server]: Using critic "BaseObstacle" (dwb_critics::BaseObstacleCritic)
[component_container_isolated-15] [INFO] [1777824309.062309567] [controller_server]: Critic plugin initialized
[component_container_isolated-15] [INFO] [1777824309.062524299] [controller_server]: Using critic "GoalAlign" (dwb_critics::GoalAlignCritic)
[component_container_isolated-15] [INFO] [1777824309.063867414] [controller_server]: Critic plugin initialized
[component_container_isolated-15] [INFO] [1777824309.064045989] [controller_server]: Using critic "PathAlign" (dwb_critics::PathAlignCritic)
[component_container_isolated-15] [INFO] [1777824309.065670641] [controller_server]: Critic plugin initialized
[component_container_isolated-15] [INFO] [1777824309.065917964] [controller_server]: Using critic "PathDist" (dwb_critics::PathDistCritic)
[component_container_isolated-15] [INFO] [1777824309.067098955] [controller_server]: Critic plugin initialized
[component_container_isolated-15] [INFO] [1777824309.067298549] [controller_server]: Using critic "GoalDist" (dwb_critics::GoalDistCritic)
[component_container_isolated-15] [INFO] [1777824309.068697679] [controller_server]: Critic plugin initialized
[component_container_isolated-15] [INFO] [1777824309.068742773] [controller_server]: Controller Server has FollowPath  controllers available.
[component_container_isolated-15] [INFO] [1777824309.082666957] [lifecycle_manager_navigation]: Configuring smoother_server
[component_container_isolated-15] [INFO] [1777824309.082809353] [smoother_server]: Configuring smoother server
[component_container_isolated-15] [INFO] [1777824309.090690511] [smoother_server]: Created smoother : simple_smoother of type nav2_smoother::SimpleSmoother
[component_container_isolated-15] [INFO] [1777824309.091996146] [smoother_server]: Smoother Server has simple_smoother  smoothers available.
[component_container_isolated-15] [INFO] [1777824309.101623393] [lifecycle_manager_navigation]: Configuring planner_server
[component_container_isolated-15] [INFO] [1777824309.101853003] [planner_server]: Configuring
[component_container_isolated-15] [INFO] [1777824309.101958961] [global_costmap.global_costmap]: Configuring
[component_container_isolated-15] [INFO] [1777824309.113490014] [global_costmap.global_costmap]: Using plugin "static_layer"
[component_container_isolated-15] [INFO] [1777824309.114835874] [global_costmap.global_costmap]: Subscribing to the map topic (/map) with transient local durability
[component_container_isolated-15] [INFO] [1777824309.115899676] [global_costmap.global_costmap]: Initialized plugin "static_layer"
[component_container_isolated-15] [INFO] [1777824309.115922799] [global_costmap.global_costmap]: Using plugin "obstacle_layer"
[component_container_isolated-15] [INFO] [1777824309.116818947] [global_costmap.global_costmap]: Subscribed to Topics: scan
[component_container_isolated-15] [INFO] [1777824309.121636879] [global_costmap.global_costmap]: Initialized plugin "obstacle_layer"
[component_container_isolated-15] [INFO] [1777824309.121679999] [global_costmap.global_costmap]: Using plugin "virtual_layer"
[component_container_isolated-15] [INFO] [1777824309.126606144] [global_costmap.global_costmap.virtual_layer]: Parsing 0 WKT forms from parameters in frame 'map' with default cost 254...
[component_container_isolated-15] [INFO] [1777824309.138091480] [global_costmap.global_costmap.virtual_layer]: Visualization enabled at 2.0 Hz
[component_container_isolated-15] [INFO] [1777824309.138125494] [global_costmap.global_costmap.virtual_layer]: VirtualLayer initialized: 0 circles, 0 lines, 0 polygons
[component_container_isolated-15] [INFO] [1777824309.138133369] [global_costmap.global_costmap]: Initialized plugin "virtual_layer"
[component_container_isolated-15] [INFO] [1777824309.138138198] [global_costmap.global_costmap]: Using plugin "inflation_layer"
[component_container_isolated-15] [INFO] [1777824309.139118784] [global_costmap.global_costmap]: Initialized plugin "inflation_layer"
[component_container_isolated-15] [INFO] [1777824309.172386589] [planner_server]: Created global planner plugin GridBased of type nav2_smac_planner::SmacPlanner2D
[component_container_isolated-15] [INFO] [1777824309.172462952] [planner_server]: Configuring GridBased of type SmacPlanner2D
[component_container_isolated-15] [INFO] [1777824309.177021908] [planner_server]: Configured plugin GridBased of type SmacPlanner2D with tolerance 0.25, maximum iterations 100000, max on approach iterations 1000, and allowing unknown traversal.
[component_container_isolated-15] [INFO] [1777824309.177094675] [planner_server]: Planner Server has GridBased  planners available.
[component_container_isolated-15] [INFO] [1777824309.185723132] [global_costmap.global_costmap]: StaticLayer: Resizing costmap to 310 X 210 at 0.010000 m/pix
[jenga_manager_node-13] [INFO] [1777824309.187247766] [jenga_manager]: Configuring Jenga Manager...
[component_container_isolated-15] [INFO] [1777824309.197636299] [lifecycle_manager_navigation]: Configuring behavior_server
[component_container_isolated-15] [INFO] [1777824309.197846823] [behavior_server]: Configuring
[lifecycle_manager-14] [INFO] [1777824309.197892098] [lifecycle_manager_application]: Activating jenga_manager
[jenga_manager_node-13] [INFO] [1777824309.198045746] [jenga_manager]: Activating and loading groups...
[component_container_isolated-15] [INFO] [1777824309.198620582] [global_costmap.global_costmap.virtual_layer]: Cleared all shapes (0 total)
[lifecycle_manager-14] [INFO] [1777824309.198916587] [lifecycle_manager_application]: Managed nodes are active
[jenga_manager_node-13] [INFO] [1777824309.198998300] [jenga_manager]: Nettoyage terminé. Ajout des Jengas...
[jenga_manager_node-13] [INFO] [1777824309.199498206] [jenga_manager]: Jenga groups.A0 added.
[jenga_manager_node-13] [INFO] [1777824309.199694644] [jenga_manager]: Jenga groups.A1 added.
[jenga_manager_node-13] [INFO] [1777824309.199855675] [jenga_manager]: Jenga groups.A2 added.
[jenga_manager_node-13] [INFO] [1777824309.200013150] [jenga_manager]: Jenga groups.A3 added.
[jenga_manager_node-13] [INFO] [1777824309.200343779] [jenga_manager]: Jenga groups.B0 added.
[jenga_manager_node-13] [INFO] [1777824309.200696950] [jenga_manager]: Jenga groups.B1 added.
[jenga_manager_node-13] [INFO] [1777824309.200985370] [jenga_manager]: Jenga groups.B2 added.
[jenga_manager_node-13] [INFO] [1777824309.201287516] [jenga_manager]: Jenga groups.B3 added.
[jenga_manager_node-13] [INFO] [1777824309.201530241] [jenga_manager]: Jenga groups.C0 added.
[jenga_manager_node-13] [INFO] [1777824309.201781621] [jenga_manager]: Jenga groups.C1 added.
[jenga_manager_node-13] [INFO] [1777824309.202040055] [jenga_manager]: Jenga groups.C2 added.
[jenga_manager_node-13] [INFO] [1777824309.202230532] [jenga_manager]: Jenga groups.C3 added.
[jenga_manager_node-13] [INFO] [1777824309.202883144] [jenga_manager]: Jenga groups.D0 added.
[jenga_manager_node-13] [INFO] [1777824309.203242557] [jenga_manager]: Jenga groups.D1 added.
[component_container_isolated-15] [INFO] [1777824309.203265831] [behavior_server]: Creating behavior plugin spin of type nav2_behaviors::Spin
[jenga_manager_node-13] [INFO] [1777824309.203472989] [jenga_manager]: Jenga groups.D2 added.
[jenga_manager_node-13] [INFO] [1777824309.203662744] [jenga_manager]: Jenga groups.D3 added.
[jenga_manager_node-13] [INFO] [1777824309.203882566] [jenga_manager]: Jenga groups.E0 added.
[jenga_manager_node-13] [INFO] [1777824309.204085996] [jenga_manager]: Jenga groups.E1 added.
[jenga_manager_node-13] [INFO] [1777824309.204284799] [jenga_manager]: Jenga groups.E2 added.
[jenga_manager_node-13] [INFO] [1777824309.204482479] [jenga_manager]: Jenga groups.E3 added.
[jenga_manager_node-13] [INFO] [1777824309.204721837] [jenga_manager]: Jenga groups.F0 added.
[component_container_isolated-15] [INFO] [1777824309.204776760] [behavior_server]: Creating behavior plugin backup of type nav2_behaviors::BackUp
[jenga_manager_node-13] [INFO] [1777824309.204985851] [jenga_manager]: Jenga groups.F1 added.
[jenga_manager_node-13] [INFO] [1777824309.205172892] [jenga_manager]: Jenga groups.F2 added.
[jenga_manager_node-13] [INFO] [1777824309.205338622] [jenga_manager]: Jenga groups.F3 added.
[jenga_manager_node-13] [INFO] [1777824309.205509492] [jenga_manager]: Jenga groups.G0 added.
[jenga_manager_node-13] [INFO] [1777824309.205771793] [jenga_manager]: Jenga groups.G1 added.
[jenga_manager_node-13] [INFO] [1777824309.205958603] [jenga_manager]: Jenga groups.G2 added.
[jenga_manager_node-13] [INFO] [1777824309.206201418] [jenga_manager]: Jenga groups.G3 added.
[component_container_isolated-15] [INFO] [1777824309.206028203] [behavior_server]: Creating behavior plugin drive_on_heading of type nav2_behaviors::DriveOnHeading
[jenga_manager_node-13] [INFO] [1777824309.206454071] [jenga_manager]: Jenga groups.H0 added.
[jenga_manager_node-13] [INFO] [1777824309.206652502] [jenga_manager]: Jenga groups.H1 added.
[jenga_manager_node-13] [INFO] [1777824309.206900787] [jenga_manager]: Jenga groups.H2 added.
[jenga_manager_node-13] [INFO] [1777824309.207092386] [jenga_manager]: Jenga groups.H3 added.
[jenga_manager_node-13] [INFO] [1777824309.207109588] [jenga_manager]: Chargement initial terminé.
[component_container_isolated-15] [INFO] [1777824309.207651333] [behavior_server]: Creating behavior plugin assisted_teleop of type nav2_behaviors::AssistedTeleop
[component_container_isolated-15] [INFO] [1777824309.210434013] [behavior_server]: Creating behavior plugin wait of type nav2_behaviors::Wait
[component_container_isolated-15] [INFO] [1777824309.216893879] [behavior_server]: Configuring spin
[component_container_isolated-15] [INFO] [1777824309.226522670] [behavior_server]: Configuring backup
[component_container_isolated-15] [INFO] [1777824309.233613046] [behavior_server]: Configuring drive_on_heading
[component_container_isolated-15] [INFO] [1777824309.241313285] [behavior_server]: Configuring assisted_teleop
[component_container_isolated-15] [INFO] [1777824309.250212650] [behavior_server]: Configuring wait
[component_container_isolated-15] [INFO] [1777824309.257962131] [lifecycle_manager_navigation]: Configuring velocity_smoother
[component_container_isolated-15] [INFO] [1777824309.258141987] [velocity_smoother]: Configuring velocity smoother
[component_container_isolated-15] [INFO] [1777824309.265057777] [lifecycle_manager_navigation]: Configuring collision_monitor
[component_container_isolated-15] [INFO] [1777824309.265219791] [collision_monitor]: Configuring
[component_container_isolated-15] [INFO] [1777824309.272050772] [collision_monitor]: [scan]: Creating Scan
[component_container_isolated-15] [INFO] [1777824309.274777879] [collision_monitor]: [FootprintApproach]: Creating Polygon
[component_container_isolated-15] [INFO] [1777824309.275106293] [collision_monitor]: [FootprintApproach]: Polygon points are not defined. Using dynamic subscription instead.
[component_container_isolated-15] [INFO] [1777824309.277279373] [collision_monitor]: [FootprintApproach]: Making footprint subscriber on /local_costmap/published_footprint topic
[component_container_isolated-15] [INFO] [1777824309.285399458] [lifecycle_manager_navigation]: Configuring bt_navigator
[component_container_isolated-15] [INFO] [1777824309.285535562] [bt_navigator]: Configuring
[component_container_isolated-15] [INFO] [1777824309.291623352] [bt_navigator]: Creating navigator id navigate_to_pose of type nav2_bt_navigator::NavigateToPoseNavigator
[component_container_isolated-15] [INFO] [1777824309.376362077] [bt_navigator]: Creating navigator id navigate_through_poses of type nav2_bt_navigator::NavigateThroughPosesNavigator
[component_container_isolated-15] [INFO] [1777824309.414873921] [lifecycle_manager_navigation]: Configuring waypoint_follower
[component_container_isolated-15] [INFO] [1777824309.415041725] [waypoint_follower]: Configuring
[component_container_isolated-15] [INFO] [1777824309.437669647] [waypoint_follower]: Created waypoint_task_executor : wait_at_waypoint of type nav2_waypoint_follower::WaitAtWaypoint
[component_container_isolated-15] [INFO] [1777824309.438564352] [lifecycle_manager_navigation]: Activating controller_server
[component_container_isolated-15] [INFO] [1777824309.438690599] [controller_server]: Activating
[component_container_isolated-15] [INFO] [1777824309.438721356] [local_costmap.local_costmap]: Activating
[component_container_isolated-15] [INFO] [1777824309.438729992] [local_costmap.local_costmap]: Checking transform
[component_container_isolated-15] [INFO] [1777824309.438785607] [local_costmap.local_costmap]: Timed out waiting for transform from base_footprint to odom to become available, tf error: Could not find a connection between 'odom' and 'base_footprint' because they are not part of the same tree.Tf has two or more unconnected trees.
[create-5] [INFO] [1777824309.835314215] [ros_gz_sim]: Requesting list of world names.
[component_container_isolated-15] [INFO] [1777824309.938867190] [local_costmap.local_costmap]: Timed out waiting for transform from base_footprint to odom to become available, tf error: Could not find a connection between 'odom' and 'base_footprint' because they are not part of the same tree.Tf has two or more unconnected trees.
[component_container_isolated-15] [INFO] [1777824310.438878712] [local_costmap.local_costmap]: Timed out waiting for transform from base_footprint to odom to become available, tf error: Could not find a connection between 'odom' and 'base_footprint' because they are not part of the same tree.Tf has two or more unconnected trees.
[component_container_isolated-15] [INFO] [1777824310.938864095] [local_costmap.local_costmap]: Timed out waiting for transform from base_footprint to odom to become available, tf error: Could not find a connection between 'odom' and 'base_footprint' because they are not part of the same tree.Tf has two or more unconnected trees.
[component_container_isolated-15] [INFO] [1777824311.438878293] [local_costmap.local_costmap]: Timed out waiting for transform from base_footprint to odom to become available, tf error: Could not find a connection between 'odom' and 'base_footprint' because they are not part of the same tree.Tf has two or more unconnected trees.
[component_container_isolated-15] [INFO] [1777824311.938892490] [local_costmap.local_costmap]: Timed out waiting for transform from base_footprint to odom to become available, tf error: Could not find a connection between 'odom' and 'base_footprint' because they are not part of the same tree.Tf has two or more unconnected trees.
[component_container_isolated-15] [INFO] [1777824312.438873765] [local_costmap.local_costmap]: Timed out waiting for transform from base_footprint to odom to become available, tf error: Could not find a connection between 'odom' and 'base_footprint' because they are not part of the same tree.Tf has two or more unconnected trees.
[component_container_isolated-15] [INFO] [1777824312.938859379] [local_costmap.local_costmap]: Timed out waiting for transform from base_footprint to odom to become available, tf error: Could not find a connection between 'odom' and 'base_footprint' because they are not part of the same tree.Tf has two or more unconnected trees.
[component_container_isolated-15] [INFO] [1777824313.438880429] [local_costmap.local_costmap]: Timed out waiting for transform from base_footprint to odom to become available, tf error: Could not find a connection between 'odom' and 'base_footprint' because they are not part of the same tree.Tf has two or more unconnected trees.
[spawner-11] [WARN] [1777824313.493374801] [spawner_joint_state_broadcaster]: Could not contact service /controller_manager/list_controllers
[spawner-11] [INFO] [1777824313.494320702] [spawner_joint_state_broadcaster]: waiting for service /controller_manager/list_controllers to become available...
[component_container_isolated-15] [INFO] [1777824313.938863247] [local_costmap.local_costmap]: Timed out waiting for transform from base_footprint to odom to become available, tf error: Could not find a connection between 'odom' and 'base_footprint' because they are not part of the same tree.Tf has two or more unconnected trees.
[component_container_isolated-15] [INFO] [1777824314.438860282] [local_costmap.local_costmap]: Timed out waiting for transform from base_footprint to odom to become available, tf error: Could not find a connection between 'odom' and 'base_footprint' because they are not part of the same tree.Tf has two or more unconnected trees.
[create-5] [INFO] [1777824314.835612359] [ros_gz_sim]: Requesting list of world names.
[component_container_isolated-15] [INFO] [1777824314.938898545] [local_costmap.local_costmap]: Timed out waiting for transform from base_footprint to odom to become available, tf error: Could not find a connection between 'odom' and 'base_footprint' because they are not part of the same tree.Tf has two or more unconnected trees.
[component_container_isolated-15] [INFO] [1777824315.438881132] [local_costmap.local_costmap]: Timed out waiting for transform from base_footprint to odom to become available, tf error: Could not find a connection between 'odom' and 'base_footprint' because they are not part of the same tree.Tf has two or more unconnected trees.
[component_container_isolated-15] [INFO] [1777824315.938881303] [local_costmap.local_costmap]: Timed out waiting for transform from base_footprint to odom to become available, tf error: Could not find a connection between 'odom' and 'base_footprint' because they are not part of the same tree.Tf has two or more unconnected trees.
[component_container_isolated-15] [INFO] [1777824316.438877697] [local_costmap.local_costmap]: Timed out waiting for transform from base_footprint to odom to become available, tf error: Could not find a connection between 'odom' and 'base_footprint' because they are not part of the same tree.Tf has two or more unconnected trees.
[component_container_isolated-15] [INFO] [1777824316.938899759] [local_costmap.local_costmap]: Timed out waiting for transform from base_footprint to odom to become available, tf error: Could not find a connection between 'odom' and 'base_footprint' because they are not part of the same tree.Tf has two or more unconnected trees.
[component_container_isolated-15] [INFO] [1777824317.438875774] [local_costmap.local_costmap]: Timed out waiting for transform from base_footprint to odom to become available, tf error: Could not find a connection between 'odom' and 'base_footprint' because they are not part of the same tree.Tf has two or more unconnected trees.
[component_container_isolated-15] [INFO] [1777824317.938912303] [local_costmap.local_costmap]: Timed out waiting for transform from base_footprint to odom to become available, tf error: Could not find a connection between 'odom' and 'base_footprint' because they are not part of the same tree.Tf has two or more unconnected trees.
[component_container_isolated-15] [INFO] [1777824318.439071101] [local_costmap.local_costmap]: Timed out waiting for transform from base_footprint to odom to become available, tf error: Could not find a connection between 'odom' and 'base_footprint' because they are not part of the same tree.Tf has two or more unconnected trees.
[component_container_isolated-15] [INFO] [1777824318.938863994] [local_costmap.local_costmap]: Timed out waiting for transform from base_footprint to odom to become available, tf error: Could not find a connection between 'odom' and 'base_footprint' because they are not part of the same tree.Tf has two or more unconnected trees.
[component_container_isolated-15] [INFO] [1777824319.438878511] [local_costmap.local_costmap]: Timed out waiting for transform from base_footprint to odom to become available, tf error: Could not find a connection between 'odom' and 'base_footprint' because they are not part of the same tree.Tf has two or more unconnected trees.
[create-5] [INFO] [1777824319.835974382] [ros_gz_sim]: Requesting list of world names.
[parameter_bridge-4] [INFO] [1777824319.907637653] [ros_gz_bridge]: Creating GZ->ROS Bridge: [/imu (gz.msgs.IMU) -> /imu (sensor_msgs/msg/Imu)] (Lazy 0)
[parameter_bridge-3] [INFO] [1777824319.907637623] [ros_gz_bridge]: Creating GZ->ROS Bridge: [/scan (gz.msgs.LaserScan) -> /scan (sensor_msgs/msg/LaserScan)] (Lazy 0)
[parameter_bridge-2] [INFO] [1777824319.907925041] [ros_gz_bridge]: Creating GZ->ROS Bridge: [/clock (gz.msgs.Clock) -> /clock (rosgraph_msgs/msg/Clock)] (Lazy 0)
[component_container_isolated-15] [INFO] [1777824319.938869074] [local_costmap.local_costmap]: Timed out waiting for transform from base_footprint to odom to become available, tf error: Could not find a connection between 'odom' and 'base_footprint' because they are not part of the same tree.Tf has two or more unconnected trees.
[component_container_isolated-15] [INFO] [1777824320.438856781] [local_costmap.local_costmap]: Timed out waiting for transform from base_footprint to odom to become available, tf error: Could not find a connection between 'odom' and 'base_footprint' because they are not part of the same tree.Tf has two or more unconnected trees.
[gazebo-1] [Dbg] [gz.cc:166] Subscribing to [/gazebo/starting_world].
[gazebo-1] [Dbg] [gz.cc:168] Waiting for a world to be set from the GUI...
[gazebo-1] [Msg] Received world [/workspaces/MobileRobotNav2/install/share/pcb_simulation/worlds/arena.sdf] from the GUI.
[gazebo-1] [Dbg] [gz.cc:172] Unsubscribing from [/gazebo/starting_world].
[gazebo-1] [Msg] Gazebo Sim Server v8.11.0
[gazebo-1] [Msg] Loading SDF world file[/workspaces/MobileRobotNav2/install/share/pcb_simulation/worlds/arena.sdf].
[gazebo-1] [Msg] Serving entity system service on [/entity/system/add]
[gazebo-1] [Msg] Loaded level [default]
[gazebo-1] [Msg] No systems loaded from SDF, loading defaults
[gazebo-1] [Dbg] [ServerConfig.cc:1034] Loaded (3) plugins from file [/home/ros/.gz/sim/8/server.config]
[gazebo-1] [Dbg] [Physics.cc:906] Loaded [gz::physics::dartsim::Plugin] from library [/opt/ros/jazzy/opt/gz_physics_vendor/lib/gz-physics-7/engine-plugins/libgz-physics-dartsim-plugin.so]
[gazebo-1] [Dbg] [SystemManager.cc:80] Loaded system [gz::sim::systems::Physics] for entity [1]
[gazebo-1] [Msg] Create service on [/world/arena_world/create_multiple] (async)
[gazebo-1] [Msg] Create service on [/world/arena_world/create_multiple/blocking] (blocking)
[gazebo-1] [Msg] Remove service on [/world/arena_world/remove] (async)
[gazebo-1] [Msg] Remove service on [/world/arena_world/remove/blocking] (blocking)
[gazebo-1] [Msg] Pose service on [/world/arena_world/set_pose] (async)
[gazebo-1] [Msg] Pose service on [/world/arena_world/set_pose/blocking] (blocking)
[gazebo-1] [Msg] Pose service on [/world/arena_world/set_pose_vector] (async)
[gazebo-1] [Msg] Pose service on [/world/arena_world/set_pose_vector/blocking] (blocking)
[gazebo-1] [Msg] Light configuration service on [/world/arena_world/light_config] (async)
[gazebo-1] [Msg] Light configuration service on [/world/arena_world/light_config/blocking] (blocking)
[gazebo-1] [Msg] Physics service on [/world/arena_world/set_physics] (async)
[gazebo-1] [Msg] Physics service on [/world/arena_world/set_physics/blocking] (blocking)
[gazebo-1] [Msg] SphericalCoordinates service on [/world/arena_world/set_spherical_coordinates] (async)
[gazebo-1] [Msg] SphericalCoordinates service on [/world/arena_world/set_spherical_coordinates/blocking] (blocking)
[gazebo-1] [Msg] Enable collision service on [/world/arena_world/enable_collision] (async)
[gazebo-1] [Msg] Enable collision service on [/world/arena_world/enable_collision/blocking] (blocking)
[gazebo-1] [Msg] Disable collision service on [/world/arena_world/disable_collision] (async)
[create-5] [INFO] [1777824320.797368312] [ros_gz_sim]: Waiting messages on topic [robot_description].
[create-5] [INFO] [1777824320.809714350] [ros_gz_sim]: Entity creation successful.
[INFO] [create-5]: process has finished cleanly [pid 34211]
[component_container_isolated-15] [INFO] [1777824320.938847625] [local_costmap.local_costmap]: Timed out waiting for transform from base_footprint to odom to become available, tf error: Could not find a connection between 'odom' and 'base_footprint' because they are not part of the same tree.Tf has two or more unconnected trees.
[gazebo-1] [Msg] Disable collision[Msg] Gazebo Sim GUI    v8.11.0
[gazebo-1] [Dbg] [Gui.cc:275] Waiting for subscribers to [/gazebo/starting_world]...
[gazebo-1] [Dbg] [Application.cc:96] Initializing application.
[gazebo-1] [Dbg] [Application.cc:170] Qt using OpenGL graphics interface
[gazebo-1] [GUI] [Dbg] [Application.cc:657] Create main window
[gazebo-1] [GUI] [Dbg] [PathManager.cc:68] Requesting resource paths through [/gazebo/resource_paths/get]
[gazebo-1] [GUI] [Dbg] [Gui.cc:355] GUI requesting list of world names. The server may be busy downloading resources. Please be patient.
[gazebo-1] [GUI] [Dbg] [PathManager.cc:57] Received resource paths.
[gazebo-1] [GUI] [Dbg] [Gui.cc:413] Requesting GUI from [/world/arena_world/gui/info]...
[gazebo-1] [GUI] [Dbg] [GuiRunner.cc:149] Requesting initial state from [/world/arena_world/state]...
[gazebo-1] [GUI] [Msg] Loading config [/home/ros/.gz/sim/8/gui.config]
[gazebo-1] [GUI] [Dbg] [Application.cc:528] Loading plugin [MinimalScene]
[gazebo-1] [GUI] [Dbg] [MinimalScene.cc:802] Creating gz-rendering interface for OpenGL
[gazebo-1] [GUI] [Dbg] [MinimalScene.cc:802] Creating gz-rendering interface for OpenGL
[gazebo-1] [GUI] [Dbg] [MinimalScene.cc:986] Creating render thread interface for OpenGL
[gazebo-1] [GUI] [Dbg] [MinimalScene.cc:802] Creating gz-rendering interface for OpenGL
[gazebo-1] [GUI] [Dbg] [MinimalScene.cc:986] Creating render thread interface for OpenGL
[gazebo-1] [GUI] [Msg] Added plugin [3D View] to main window
[gazebo-1] [GUI] [Msg] Loaded plugin [MinimalScene] from path [/opt/ros/jazzy/opt/gz_gui_vendor/lib/gz-gui-8/plugins/libMinimalScene.so]
[gazebo-1] [GUI] [Dbg] [Application.cc:528] Loading plugin [EntityContextMenuPlugin]
[gazebo-1] [GUI] [Msg] Currently tracking topic on [/gui/currently_tracked]
[gazebo-1] [GUI] [Msg] Added plugin [Entity Context Menu] to main window
[gazebo-1] [GUI] [Msg] Loaded plugin [EntityContextMenuPlugin] from path [/opt/ros/jazzy/opt/gz_sim_vendor/lib/gz-sim-8/plugins/gui/libEntityContextMenuPlugin.so]
[gazebo-1] [GUI] [Dbg] [Application.cc:528] Loading plugin [GzSceneManager]
[gazebo-1] [GUI] [Msg] Added plugin [Scene Manager] to main window
[gazebo-1] [GUI] [Msg] Loaded plugin [GzSceneManager] from path [/opt/ros/jazzy/opt/gz_sim_vendor/lib/gz-sim-8/plugins/gui/libGzSceneManager.so]
[gazebo-1] [GUI] [Dbg] [Application.cc:528] Loading plugin [InteractiveViewControl]
[gazebo-1] [GUI] [Msg] Camera view controller topic advertised on [/gui/camera/view_control]
[gazebo-1] [GUI] [Msg] Camera reference visual topic advertised on [/gui/camera/view_control/reference_visual]
[gazebo-1] [GUI] [Msg] Camera view control sensitivity advertised on [/gui/camera/view_control/sensitivity]
[gazebo-1] [GUI] [Msg] Added plugin [Interactive view control] to main window
[gazebo-1] [GUI] [Msg] Loaded plugin [InteractiveViewControl] from path [/opt/ros/jazzy/opt/gz_gui_vendor/lib/gz-gui-8/plugins/libInteractiveViewControl.so]
[gazebo-1] [GUI] [Dbg] [Application.cc:528] Loading plugin [CameraTracking]
[gazebo-1] [GUI] [Msg] Added plugin [Camera tracking] to main window
[gazebo-1] [GUI] [Msg] Loaded plugin [CameraTracking] from path [/opt/ros/jazzy/opt/gz_gui_vendor/lib/gz-gui-8/plugins/libCameraTracking.so]
[gazebo-1] [GUI] [Dbg] [Application.cc:528] Loading plugin [MarkerManager]
[gazebo-1] [GUI] [Msg] Listening to stats on [/world/arena_world/stats]
[gazebo-1] [GUI] [Msg] Added plugin [Marker Manager] to main window
[gazebo-1] [GUI] [Msg] Loaded plugin [MarkerManager] from path [/opt/ros/jazzy/opt/gz_gui_vendor/lib/gz-gui-8/plugins/libMarkerManager.so]
[gazebo-1] [GUI] [Dbg] [Application.cc:528] Loading plugin [SelectEntities]
[gazebo-1] [GUI] [Msg] Added plugin [Select entities] to main window
[gazebo-1] [GUI] [Msg] Loaded plugin [SelectEntities] from path [/opt/ros/jazzy/opt/gz_sim_vendor/lib/gz-sim-8/plugins/gui/libSelectEntities.so]
[gazebo-1] [GUI] [Dbg] [Application.cc:528] Loading plugin [Spawn]
[gazebo-1] [GUI] [Msg] Added plugin [Spawn] to main window
[gazebo-1] [GUI] [Msg] Loaded plugin [Spawn] from path [/opt/ros/jazzy/opt/gz_sim_vendor/lib/gz-sim-8/plugins/gui/libSpawn.so]
[gazebo-1] [GUI] [Dbg] [Application.cc:528] Loading plugin [VisualizationCapabilities]
[gazebo-1] [GUI] [Msg] View as transparent service on [/gui/view/transparent]
[gazebo-1] [GUI] [Msg] View as wireframes service on [/gui/view/wireframes]
[gazebo-1] [GUI] [Msg] View center of mass service on [/gui/view/com]
[gazebo-1] [GUI] [Msg] View inertia service on [/gui/view/inertia]
[gazebo-1] [GUI] [Msg] View collisions service on [/gui/view/collisions]
[gazebo-1] [GUI] [Msg] View joints service on [/gui/view/joints]
[gazebo-1] [GUI] [Msg] View frames service on [/gui/view/frames]
[gazebo-1] [GUI] [Msg] Added plugin [Visualization capabilities] to main window
[gazebo-1] [GUI] [Msg] Loaded plugin [VisualizationCapabilities] from path [/opt/ros/jazzy/opt/gz_sim_vendor/lib/gz-sim-8/plugins/gui/libVisualizationCapabilities.so]
[gazebo-1] [GUI] [Dbg] [Application.cc:528] Loading plugin [WorldControl]
[gazebo-1] [GUI] [Msg] Using world control service [/world/arena_world/control]
[gazebo-1] [GUI] [Msg] Listening to stats on [/world/arena_world/stats]
[gazebo-1] [GUI] [Dbg] [WorldControl.cc:237] Using an event to share WorldControl msgs with the server
[gazebo-1] [GUI] [Msg] Added plugin [World control] to main window
[gazebo-1] [GUI] [Msg] Loaded plugin [WorldControl] from path [/opt/ros/jazzy/opt/gz_gui_vendor/lib/gz-gui-8/plugins/libWorldControl.so]
[gazebo-1] [GUI] [Dbg] [Application.cc:528] Loading plugin [WorldStats]
[gazebo-1] [GUI] [Msg] Listening to stats on [/world/arena_world/stats]
[gazebo-1] [GUI] [Msg] Added plugin [World stats] to main window
[gazebo-1] [GUI] [Msg] Loaded plugin [WorldStats] from path [/opt/ros/jazzy/opt/gz_gui_vendor/lib/gz-gui-8/plugins/libWorldStats.so]
[gazebo-1] [GUI] [Dbg] [Application.cc:528] Loading plugin [Shapes]
[gazebo-1] [GUI] [Msg] Added plugin [Shapes] to main window
[gazebo-1] [GUI] [Msg] Loaded plugin [Shapes] from path [/opt/ros/jazzy/opt/gz_sim_vendor/lib/gz-sim-8/plugins/gui/libShapes.so]
[gazebo-1] [GUI] [Dbg] [Application.cc:528] Loading plugin [Lights]
[gazebo-1] [GUI] [Msg] Added plugin [Lights] to main window
[gazebo-1] [GUI] [Msg] Loaded plugin [Lights] from path [/opt/ros/jazzy/opt/gz_sim_vendor/lib/gz-sim-8/plugins/gui/libLights.so]
[gazebo-1] [GUI] [Dbg] [Application.cc:528] Loading plugin [TransformControl]
[gazebo-1] [GUI] [Msg] Added plugin [Transform control] to main window
[gazebo-1] [GUI] [Msg] Loaded plugin [TransformControl] from path [/opt/ros/jazzy/opt/gz_sim_vendor/lib/gz-sim-8/plugins/gui/libTransformControl.so]
[gazebo-1] [GUI] [Dbg] [Application.cc:528] Loading plugin [Screenshot]
[gazebo-1] [GUI] [Msg] Screenshot service on [/gui/screenshot]
[gazebo-1] [GUI] [Msg] Added plugin [Screenshot] to main window
[gazebo-1] [GUI] [Msg] Loaded plugin [Screenshot] from path [/opt/ros/jazzy/opt/gz_gui_vendor/lib/gz-gui-8/plugins/libScreenshot.so]
[gazebo-1] [GUI] [Dbg] [Application.cc:528] Loading plugin [CopyPaste]
[gazebo-1] [GUI] [Msg] Added plugin [Copy/Paste] to main window
[gazebo-1] [GUI] [Msg] Loaded plugin [CopyPaste] from path [/opt/ros/jazzy/opt/gz_sim_vendor/lib/gz-sim-8/plugins/gui/libCopyPaste.so]
[gazebo-1] [GUI] [Dbg] [Application.cc:528] Loading plugin [ComponentInspector]
[gazebo-1] [GUI] [Msg] Added plugin [Component inspector] to main window
[gazebo-1] [GUI] [Msg] Loaded plugin [ComponentInspector] from path [/opt/ros/jazzy/opt/gz_sim_vendor/lib/gz-sim-8/plugins/gui/libComponentInspector.so]
[gazebo-1] [GUI] [Dbg] [Application.cc:528] Loading plugin [EntityTree]
[gazebo-1] [GUI] [Msg] Currently tracking topic on [/gui/currently_tracked]
[gazebo-1] [GUI] [Msg] Added plugin [Entity tree] to main window
[component_container_isolated-15] [INFO] [1777824321.438852063] [local_costmap.local_costmap]: Timed out waiting for transform from base_footprint to odom to become available, tf error: Could not find a connection between 'odom' and 'base_footprint' because they are not part of the same tree.Tf has two or more unconnected trees.
[gazebo-1] [GUI] [Wrn] [Application.cc:908] [QT] file::/WorldStats/WorldStats.qml:53:3: QML RowLayout: Binding loop detected for property "x"
[gazebo-1] libEGL warning: failed to open /dev/dri/renderD128: Permission denied
[gazebo-1] 
[gazebo-1] libEGL warning: failed to open /dev/dri/renderD128: Permission denied
[gazebo-1] 
[component_container_isolated-15] [INFO] [1777824321.938859678] [local_costmap.local_costmap]: Timed out waiting for transform from base_footprint to odom to become available, tf error: Could not find a connection between 'odom' and 'base_footprint' because they are not part of the same tree.Tf has two or more unconnected trees.
[gazebo-1] 1;32m service on [/world/arena_world/disable_collision/blocking] (blocking)
[gazebo-1] [Msg] Material service on [/world/arena_world/visual_config] (async)
[gazebo-1] [Msg] Material service on [/world/arena_world/visual_config/blocking] (blocking)
[gazebo-1] [Msg] Material service on [/world/arena_world/wheel_slip] (async)
[gazebo-1] [Msg] Material service on [/world/arena_world/wheel_slip/blocking] (blocking)
[gazebo-1] [Dbg] [SystemManager.cc:80] Loaded system [gz::sim::systems::UserCommands] for entity [1]
[gazebo-1] [Dbg] [SystemManager.cc:80] Loaded system [gz::sim::systems::SceneBroadcaster] for entity [1]
[gazebo-1] [Msg] Serving world controls on [/world/arena_world/control], [/world/arena_world/control/state] and [/world/arena_world/playback/control]
[gazebo-1] [Msg] Serving GUI information on [/world/arena_world/gui/info]
[gazebo-1] [Msg] World [arena_world] initialized with [default_physics] physics profile.
[gazebo-1] [Msg] Serving world SDF generation service on [/world/arena_world/generate_world_sdf]
[gazebo-1] [Msg] Serving world names on [/gazebo/worlds]
[gazebo-1] [Msg] Resource path add service on [/gazebo/resource_paths/add].
[gazebo-1] [Msg] Resource path get service on [/gazebo/resource_paths/get].
[gazebo-1] [Msg] Resource path resolve service on [/gazebo/resource_paths/resolve].
[gazebo-1] [Msg] Resource paths published on [/gazebo/resource_paths].
[gazebo-1] [Msg] Server control service on [/server_control].
[gazebo-1] [Msg] Found no publishers on /stats, adding root stats topic
[gazebo-1] [Msg] Found no publishers on /clock, adding root clock topic
[gazebo-1] [Dbg] [SimulationRunner.cc:551] Creating PostUpdate worker threads: 2
[gazebo-1] [Dbg] [SimulationRunner.cc:562] Creating postupdate worker thread (0)
[gazebo-1] Warning [Utils.cc:132] [/sdf/model[@name="simple_robot"]/link[@name="base_footprint"]/sensor[@name="imu_sensor"]/noise:<urdf-string>:L0]: XML Element[noise], child of element[sensor], not defined in SDF. Copying[noise] as children of [sensor].
[gazebo-1] Warning [Utils.cc:132] [/sdf/model[@name="simple_robot"]/link[@name="base_footprint"]/sensor[@name="lidar"]/gz_frame_id:<urdf-string>:L0]: XML Element[gz_frame_id], child of element[sensor], not defined in SDF. Copying[gz_frame_id] as children of [sensor].
[gazebo-1] [Wrn] [SdfEntityCreator.cc:933] Gazebo does not support Ogre material scripts. See https://gazebosim.org/api/sim/8/migrationsdf.html#:~:text=Materials for details.
[gazebo-1] [Wrn] [SdfEntityCreator.cc:949] Using an internal gazebo.material to parse Gazebo/Blue
[gazebo-1] [Wrn] [SdfEntityCreator.cc:933] Gazebo does not support Ogre material scripts. See https://gazebosim.org/api/sim/8/migrationsdf.html#:~:text=Materials for details.
[gazebo-1] [Wrn] [SdfEntityCreator.cc:949] Using an internal gazebo.material to parse Gazebo/Blue
[gazebo-1] [Wrn] [SdfEntityCreator.cc:933] Gazebo does not support Ogre material scripts. See https://gazebosim.org/api/sim/8/migrationsdf.html#:~:text=Materials for details.
[gazebo-1] [Wrn] [SdfEntityCreator.cc:949] Using an internal gazebo.material to parse Gazebo/Blue
[gazebo-1] [Wrn] [SdfEntityCreator.cc:933] Gazebo does not support Ogre material scripts. See https://gazebosim.org/api/sim/8/migrationsdf.html#:~:text=Materials for details.
[gazebo-1] [Wrn] [SdfEntityCreator.cc:949] Using an internal gazebo.material to parse Gazebo/Blue
[gazebo-1] [INFO] [1777824322.260181510] [gz_ros_control]: Loading controller_manager
[gazebo-1] [INFO] [1777824322.287754601] [controller_manager]: Using ROS clock for triggering controller manager cycles.
[gazebo-1] [INFO] [1777824322.297021654] [controller_manager]: Subscribing to '/robot_description' topic for robot description.
[gazebo-1] [WARN] [1777824322.302670992] [gz_ros_control]: Waiting RM to load and initialize hardware...
[component_container_isolated-15] [INFO] [1777824322.438846614] [local_costmap.local_costmap]: Timed out waiting for transform from base_footprint to odom to become available, tf error: Could not find a connection between 'odom' and 'base_footprint' because they are not part of the same tree.Tf has two or more unconnected trees.
[gazebo-1] [INFO] [1777824322.767618476] [controller_manager]: Received robot description from topic.
[gazebo-1] [INFO] [1777824322.767694919] [controller_manager]: Enforcing command limits is disabled. Command limits from URDF will be ignored.
[gazebo-1] [INFO] [1777824322.775653361] [gz_ros_control]: The position_proportional_gain has been set to: 0.1
[gazebo-1] [INFO] [1777824322.775743039] [gz_ros_control]: Loading joint: lf_joint
[gazebo-1] [INFO] [1777824322.775751175] [gz_ros_control]:      State:
[gazebo-1] [INFO] [1777824322.775757587] [gz_ros_control]:               position
[gazebo-1] [INFO] [1777824322.775776472] [gz_ros_control]:               velocity
[gazebo-1] [INFO] [1777824322.775785208] [gz_ros_control]:      Command:
[gazebo-1] [INFO] [1777824322.775789046] [gz_ros_control]:               velocity
[gazebo-1] [INFO] [1777824322.775803723] [gz_ros_control]: Loading joint: rf_joint
[gazebo-1] [INFO] [1777824322.775811057] [gz_ros_control]:      State:
[gazebo-1] [INFO] [1777824322.775818070] [gz_ros_control]:               position
[gazebo-1] [INFO] [1777824322.775824512] [gz_ros_control]:               velocity
[gazebo-1] [INFO] [1777824322.775827908] [gz_ros_control]:      Command:
[gazebo-1] [INFO] [1777824322.775831014] [gz_ros_control]:               velocity
[gazebo-1] [INFO] [1777824322.775839510] [gz_ros_control]: Loading joint: rb_joint
[gazebo-1] [INFO] [1777824322.775842806] [gz_ros_control]:      State:
[gazebo-1] [INFO] [1777824322.775846243] [gz_ros_control]:               position
[gazebo-1] [INFO] [1777824322.775849970] [gz_ros_control]:               velocity
[gazebo-1] [INFO] [1777824322.775853366] [gz_ros_control]:      Command:
[gazebo-1] [INFO] [1777824322.775856442] [gz_ros_control]:               velocity
[gazebo-1] [INFO] [1777824322.775864236] [gz_ros_control]: Loading joint: lb_joint
[gazebo-1] [INFO] [1777824322.775867422] [gz_ros_control]:      State:
[gazebo-1] [INFO] [1777824322.775870598] [gz_ros_control]:               position
[gazebo-1] [INFO] [1777824322.775873594] [gz_ros_control]:               velocity
[gazebo-1] [INFO] [1777824322.775876589] [gz_ros_control]:      Command:
[gazebo-1] [INFO] [1777824322.775879585] [gz_ros_control]:               velocity
[gazebo-1] [INFO] [1777824322.775927775] [gz_ros_control]: Loading sensor: imu_sensor
[gazebo-1] [INFO] [1777824322.775936572] [gz_ros_control]:      State:
[gazebo-1] [INFO] [1777824322.776258705] [controller_manager]: Initialize hardware 'RobotController' 
[gazebo-1] [WARN] [1777824322.776286237] [controller_manager.hardware_component.system.RobotController]: Executor is not available during hardware component initialization for 'RobotController'. Skipping node creation!
[gazebo-1] [INFO] [1777824322.776351639] [controller_manager]: Successful initialization of hardware 'RobotController'
[gazebo-1] [INFO] [1777824322.776485309] [controller_manager]: Activating component 'RobotController'.
[gazebo-1] [INFO] [1777824322.776589404] [resource_manager]: 'configure' hardware 'RobotController' 
[gazebo-1] [INFO] [1777824322.776596638] [gz_ros_control]: System Successfully configured!
[gazebo-1] [INFO] [1777824322.776603581] [resource_manager]: Successful 'configure' of hardware 'RobotController'
[gazebo-1] [INFO] [1777824322.776611295] [resource_manager]: 'activate' hardware 'RobotController' 
[gazebo-1] [INFO] [1777824322.776629309] [resource_manager]: Successful 'activate' of hardware 'RobotController'
[gazebo-1] [WARN] [1777824322.776839222] [controller_manager]: Component 'RobotController' does not have read or write statistics initialized, skipping registration.
[gazebo-1] [INFO] [1777824322.776851665] [controller_manager]: Resource Manager has been successfully initialized. Starting Controller Manager services...
[component_container_isolated-15] [INFO] [1777824322.938825334] [local_costmap.local_costmap]: Timed out waiting for transform from base_footprint to odom to become available, tf error: Could not find a connection between 'odom' and 'base_footprint' because they are not part of the same tree.Tf has two or more unconnected trees.
[spawner-12] [WARN] [1777824323.346842094] [ros2_control_controller_spawner_omni_wheel_drive_controller]: Failed to acquire lock in 20 seconds. Attempt 1 of 5 failed. Retrying in 3 seconds...
[component_container_isolated-15] [INFO] [1777824323.438828671] [local_costmap.local_costmap]: Timed out waiting for transform from base_footprint to odom to become available, tf error: Could not find a connection between 'odom' and 'base_footprint' because they are not part of the same tree.Tf has two or more unconnected trees.
[spawner-11] [WARN] [1777824323.505849970] [spawner_joint_state_broadcaster]: Could not contact service /controller_manager/list_controllers
[spawner-11] [INFO] [1777824323.506476723] [spawner_joint_state_broadcaster]: waiting for service /controller_manager/list_controllers to become available...
[component_container_isolated-15] [INFO] [1777824323.938837207] [local_costmap.local_costmap]: Timed out waiting for transform from base_footprint to odom to become available, tf error: Could not find a connection between 'odom' and 'base_footprint' because they are not part of the same tree.Tf has two or more unconnected trees.
[gazebo-1] [WARN] [1777824324.331807392] [rcl.logging_rosout]: Publisher already registered for node name: 'gz_ros_control'. If this is due to multiple nodes with the same name then all logs for the logger named 'gz_ros_control' will go out over the existing publisher. As soon as any node with that name is destructed it will unregister the publisher, preventing any further logs for that name from being published on the rosout topic.
[gazebo-1] [INFO] [1777824324.345726426] [gz_ros_control]: Loading controller_manager
[gazebo-1] [WARN] [1777824324.346630368] [rcl.logging_rosout]: Publisher already registered for node name: 'controller_manager'. If this is due to multiple nodes with the same name then all logs for the logger named 'controller_manager' will go out over the existing publisher. As soon as any node with that name is destructed it will unregister the publisher, preventing any further logs for that name from being published on the rosout topic.
[gazebo-1] [INFO] [1777824324.384234132] [controller_manager]: Using ROS clock for triggering controller manager cycles.
[gazebo-1] [INFO] [1777824324.386760202] [controller_manager]: Subscribing to '/robot_description' topic for robot description.
[gazebo-1] [WARN] [1777824324.387464942] [gz_ros_control]: Waiting RM to load and initialize hardware...
[gazebo-1] [INFO] [1777824324.397188399] [controller_manager]: Received robot description from topic.
[gazebo-1] [INFO] [1777824324.397262648] [controller_manager]: Enforcing command limits is disabled. Command limits from URDF will be ignored.
[gazebo-1] [INFO] [1777824324.399516028] [gz_ros_control]: The position_proportional_gain has been set to: 0.1
[gazebo-1] [INFO] [1777824324.399564308] [gz_ros_control]: Loading joint: lf_joint
[gazebo-1] [INFO] [1777824324.399582542] [gz_ros_control]:      State:
[gazebo-1] [INFO] [1777824324.399587462] [gz_ros_control]:               position
[gazebo-1] [INFO] [1777824324.399593583] [gz_ros_control]:               velocity
[gazebo-1] [INFO] [1777824324.399599003] [gz_ros_control]:      Command:
[gazebo-1] [INFO] [1777824324.399603051] [gz_ros_control]:               velocity
[gazebo-1] [INFO] [1777824324.399620013] [gz_ros_control]: Loading joint: rf_joint
[gazebo-1] [INFO] [1777824324.399624331] [gz_ros_control]:      State:
[gazebo-1] [INFO] [1777824324.399628348] [gz_ros_control]:               position
[gazebo-1] [INFO] [1777824324.399632776] [gz_ros_control]:               velocity
[gazebo-1] [INFO] [1777824324.399636924] [gz_ros_control]:      Command:
[gazebo-1] [INFO] [1777824324.399641363] [gz_ros_control]:               velocity
[gazebo-1] [INFO] [1777824324.399652383] [gz_ros_control]: Loading joint: rb_joint
[gazebo-1] [INFO] [1777824324.399656391] [gz_ros_control]:      State:
[gazebo-1] [INFO] [1777824324.399660308] [gz_ros_control]:               position
[gazebo-1] [INFO] [1777824324.399665247] [gz_ros_control]:               velocity
[gazebo-1] [INFO] [1777824324.399670227] [gz_ros_control]:      Command:
[gazebo-1] [INFO] [1777824324.399673803] [gz_ros_control]:               velocity
[gazebo-1] [INFO] [1777824324.399681017] [gz_ros_control]: Loading joint: lb_joint
[gazebo-1] [INFO] [1777824324.399685064] [gz_ros_control]:      State:
[gazebo-1] [INFO] [1777824324.399689012] [gz_ros_control]:               position
[gazebo-1] [INFO] [1777824324.399692719] [gz_ros_control]:               velocity
[gazebo-1] [INFO] [1777824324.399696746] [gz_ros_control]:      Command:
[gazebo-1] [INFO] [1777824324.399700403] [gz_ros_control]:               velocity
[gazebo-1] [INFO] [1777824324.399719098] [gz_ros_control]: Loading sensor: imu_sensor
[gazebo-1] [INFO] [1777824324.399728806] [gz_ros_control]:      State:
[gazebo-1] [INFO] [1777824324.399757901] [controller_manager]: Initialize hardware 'RobotController' 
[gazebo-1] [WARN] [1777824324.399766958] [controller_manager.hardware_component.system.RobotController]: Executor is not available during hardware component initialization for 'RobotController'. Skipping node creation!
[gazebo-1] [INFO] [1777824324.399798787] [controller_manager]: Successful initialization of hardware 'RobotController'
[gazebo-1] [INFO] [1777824324.399906018] [controller_manager]: Activating component 'RobotController'.
[gazebo-1] [INFO] [1777824324.399923862] [resource_manager]: 'configure' hardware 'RobotController' 
[gazebo-1] [INFO] [1777824324.399929502] [gz_ros_control]: System Successfully configured!
[gazebo-1] [INFO] [1777824324.399935924] [resource_manager]: Successful 'configure' of hardware 'RobotController'
[gazebo-1] [INFO] [1777824324.399941264] [resource_manager]: 'activate' hardware 'RobotController' 
[gazebo-1] [INFO] [1777824324.399946845] [resource_manager]: Successful 'activate' of hardware 'RobotController'
[gazebo-1] [WARN] [1777824324.399979155] [controller_manager]: Component 'RobotController' does not have read or write statistics initialized, skipping registration.
[gazebo-1] [INFO] [1777824324.399988342] [controller_manager]: Resource Manager has been successfully initialized. Starting Controller Manager services...
[component_container_isolated-15] [INFO] [1777824324.438831928] [local_costmap.local_costmap]: Timed out waiting for transform from base_footprint to odom to become available, tf error: Could not find a connection between 'odom' and 'base_footprint' because they are not part of the same tree.Tf has two or more unconnected trees.
[component_container_isolated-15] [INFO] [1777824324.938841506] [local_costmap.local_costmap]: Timed out waiting for transform from base_footprint to odom to become available, tf error: Could not find a connection between 'odom' and 'base_footprint' because they are not part of the same tree.Tf has two or more unconnected trees.
[component_container_isolated-15] [INFO] [1777824325.438842949] [local_costmap.local_costmap]: Timed out waiting for transform from base_footprint to odom to become available, tf error: Could not find a connection between 'odom' and 'base_footprint' because they are not part of the same tree.Tf has two or more unconnected trees.
[spawner-11] [INFO] [1777824325.527791076] [spawner_joint_state_broadcaster]: Setting controller param "params_file" to "['/tmp/launch_params_nukqz6gc']" for joint_state_broadcaster
[gazebo-1] [INFO] [1777824325.532480708] [controller_manager]: Loading controller : 'joint_state_broadcaster' of type 'joint_state_broadcaster/JointStateBroadcaster'
[gazebo-1] [INFO] [1777824325.532480788] [controller_manager]: Loading controller : 'joint_state_broadcaster' of type 'joint_state_broadcaster/JointStateBroadcaster'
[gazebo-1] [INFO] [1777824325.532662177] [controller_manager]: Loading controller 'joint_state_broadcaster'
[gazebo-1] [INFO] [1777824325.532553043] [controller_manager]: Loading controller 'joint_state_broadcaster'
[gazebo-1] [INFO] [1777824325.572067385] [controller_manager]: Controller 'joint_state_broadcaster' node arguments: --ros-args --params-file /workspaces/MobileRobotNav2/install/share/pcb_bringup/config/sim/robot_controller.yaml -p use_sim_time:=true --params-file /tmp/launch_params_nukqz6gc --param use_sim_time:=true 
[gazebo-1] [INFO] [1777824325.572357378] [controller_manager]: Controller 'joint_state_broadcaster' node arguments: --ros-args --params-file /workspaces/MobileRobotNav2/install/share/car/config/sim/robot_controller.yaml -p use_sim_time:=true --params-file /tmp/launch_params_nukqz6gc --param use_sim_time:=true 
[gazebo-1] [WARN] [1777824325.576109584] [rcl.logging_rosout]: Publisher already registered for node name: 'joint_state_broadcaster'. If this is due to multiple nodes with the same name then all logs for the logger named 'joint_state_broadcaster' will go out over the existing publisher. As soon as any node with that name is destructed it will unregister the publisher, preventing any further logs for that name from being published on the rosout topic.
[spawner-11] [INFO] [1777824325.651019825] [spawner_joint_state_broadcaster]: Loaded joint_state_broadcaster
[gazebo-1] [INFO] [1777824325.654293464] [controller_manager]: Configuring controller: 'joint_state_broadcaster'
[gazebo-1] [INFO] [1777824325.654293495] [controller_manager]: Configuring controller: 'joint_state_broadcaster'
[gazebo-1] [INFO] [1777824325.654720123] [joint_state_broadcaster]: 'joints' or 'interfaces' parameter is empty. All available state interfaces will be published
[gazebo-1] [INFO] [1777824325.654720153] [joint_state_broadcaster]: 'joints' or 'interfaces' parameter is empty. All available state interfaces will be published
[gazebo-1] [INFO] [1777824325.681827472] [controller_manager]: Activating controllers: [ joint_state_broadcaster ]
[gazebo-1] [INFO] [1777824325.681844484] [controller_manager]: Activating controllers: [ joint_state_broadcaster ]
[component_container_isolated-15] [INFO] [1777824325.938877394] [local_costmap.local_costmap]: Timed out waiting for transform from base_footprint to odom to become available, tf error: Could not find a connection between 'odom' and 'base_footprint' because they are not part of the same tree.Tf has two or more unconnected trees.
[gazebo-1] [WARN] [1777824326.432852572] [gz_ros_control]:  Desired controller update period (0.02 s) is slower than the gazebo simulation period (0.001 s).
[component_container_isolated-15] [INFO] [1777824326.438850203] [local_costmap.local_costmap]: Timed out waiting for transform from base_footprint to odom to become available, tf error: Could not find a connection between 'odom' and 'base_footprint' because they are not part of the same tree.Tf has two or more unconnected trees.
[gazebo-1] libEGL warning: failed to open /dev/dri/renderD128: Permission denied
[gazebo-1] 
[gazebo-1] libEGL warning: failed to open /dev/dri/renderD128: Permission denied
[gazebo-1] 
[gazebo-1] [GUI] [Msg] Loaded plugin [EntityTree] from path [/opt/ros/jazzy/opt/gz_sim_vendor/lib/gz-sim-8/plugins/gui/libEntityTree.so]
[gazebo-1] [GUI] [Dbg] [Application.cc:398] Loading window config
[gazebo-1] [GUI] [Msg] Using server control service [/server_control]
[gazebo-1] [GUI] [Dbg] [Application.cc:671] Applying config
[gazebo-1] [GUI] [Dbg] [MinimalScene.cc:802] Creating gz-rendering interface for OpenGL
[gazebo-1] [GUI] [Dbg] [MinimalScene.cc:986] Creating render thread interface for OpenGL
[gazebo-1] [GUI] [Msg] Loading plugin [gz-rendering-ogre2]
[gazebo-1] [GUI] [Dbg] [MinimalScene.cc:749] Create scene [scene]
[gazebo-1] [GUI] [Dbg] [MinimalScene.cc:1037] Creating texture node render interface for OpenGL
[gazebo-1] [GUI] [Dbg] [TransformControl.cc:453] TransformControl plugin is using camera [scene::Camera(65527)]
[gazebo-1] [GUI] [Dbg] [Spawn.cc:308] Spawn plugin is using camera [scene::Camera(65527)]
[gazebo-1] [GUI] [Dbg] [SelectEntities.cc:452] SelectEntities plugin is using camera [scene::Camera(65527)]
[gazebo-1] [GUI] [Dbg] [MarkerManager.cc:169] Advertise /marker/list service.
[gazebo-1] [GUI] [Dbg] [MarkerManager.cc:179] Advertise /marker/list.
[gazebo-1] [GUI] [Dbg] [MarkerManager.cc:189] Advertise /marker_array.
[gazebo-1] [GUI] [Dbg] [CameraTracking.cc:205] CameraTrackingPrivate plugin is moving camera [scene::Camera(65527)]
[gazebo-1] [GUI] [Msg] Move to service on [/gui/move_to]
[gazebo-1] [GUI] [Msg] Follow service on [/gui/follow] (deprecated)
[gazebo-1] [GUI] [Msg] Tracking topic on [/gui/track]
[gazebo-1] [GUI] [Msg] Tracking status topic on [/gui/currently_tracked]
[gazebo-1] [GUI] [Msg] Move to pose service on [/gui/move_to/pose]
[gazebo-1] [GUI] [Msg] Camera pose topic advertised on [/gui/camera/pose]
[gazebo-1] [GUI] [Msg] Follow offset service on [/gui/follow/offset] (deprecated)
[gazebo-1] [GUI] [Dbg] [InteractiveViewControl.cc:176] InteractiveViewControl plugin is moving camera [scene::Camera(65527)]
[gazebo-1] [GUI] [Dbg] [EntityContextMenuPlugin.cc:79] Entity context menu plugin is using camera [scene::Camera(65527)]
[gazebo-1] Warning [Utils.cc:132] [/sdf/model[@name="simple_robot"]/link[@name="base_footprint"]/sensor[@name="imu_sensor"]/noise:<data-string>:L75]: XML Element[noise], child of element[sensor], not defined in SDF. Copying[noise] as children of [sensor].
[gazebo-1] Warning [Utils.cc:132] [/sdf/model[@name="simple_robot"]/link[@name="base_footprint"]/sensor[@name="lidar"]/gz_frame_id:<data-string>:L114]: XML Element[gz_frame_id], child of element[sensor], not defined in SDF. Copying[gz_frame_id] as children of [sensor].
[gazebo-1] [Dbg] [SystemManager.cc:80] Loaded system [gz_ros2_control::GazeboSimROS2ControlPlugin] for entity [26]
[gazebo-1] [Dbg] [Sensors.cc:697] Configuring Sensors system
[gazebo-1] [Dbg] [Sensors.cc:557] SensorsPrivate::Run
[gazebo-1] [Dbg] [SystemManager.cc:80] Loaded system [gz::sim::systems::Sensors] for entity [26]
[gazebo-1] [Dbg] [Sensors.cc:532] SensorsPrivate::RenderThread started
[gazebo-1] [Dbg] [Sensors.cc:337] Waiting for init
[gazebo-1] [Dbg] [SystemManager.cc:80] Loaded system [gz::sim::systems::Imu] for entity [26]
[gazebo-1] [Dbg] [SystemManager.cc:80] Loaded system [gz_ros2_control::GazeboSimROS2ControlPlugin] for entity [26]
[gazebo-1] [Dbg] [UserCommands.cc:1094] Created entity [26] named [simple_robot]
[gazebo-1] [Msg] Serving scene information on [/world/arena_world/scene/info]
[gazebo-1] [Msg] Serving graph information on [/world/arena_world/scene/graph]
[gazebo-1] [Msg] Serving full state on [/world/arena_world/state]
[gazebo-1] [Msg] Serving full state (async) on [/world/arena_world/state_async]
[gazebo-1] [Msg] Publishing scene information on [/world/arena_world/scene/info]
[gazebo-1] [Msg] Publishing entity deletions on [/world/arena_world/scene/deletion]
[gazebo-1] [Msg] Publishing state changes on [/world/arena_world/state]
[gazebo-1] [Msg] Publishing pose messages on [/world/arena_world/pose/info]
[gazebo-1] [Msg] Publishing dynamic pose messages on [/world/arena_world/dynamic_pose/info]
[gazebo-1] [Dbg] [EntityComponentManager.cc:1656] Updated state thread iterators: 16 threads processing around 4 entities each.
[gazebo-1] [Dbg] [SimulationRunner.cc:578] Exiting postupdate worker thread (0)
[gazebo-1] [Dbg] [SimulationRunner.cc:551] Creating PostUpdate worker threads: 6
[gazebo-1] [Dbg] [SimulationRunner.cc:562] Creating postupdate worker thread (0)
[gazebo-1] [Dbg] [SimulationRunner.cc:562] Creating postupdate worker thread (1)
[gazebo-1] [Dbg] [SimulationRunner.cc:562] Creating postupdate worker thread (2)
[gazebo-1] [Dbg] [SimulationRunner.cc:562] Creating postupdate worker thread (3)
[gazebo-1] [Dbg] [SimulationRunner.cc:562] Creating postupdate worker thread (4)
[gazebo-1] [Dbg] [Sensors.cc:953] Initialization needed
[gazebo-1] [Dbg] [Sensors.cc:349] Initializing render context
[gazebo-1] [Msg] Loading plugin [gz-rendering-ogre2]
[gazebo-1] [Dbg] [ImuSensor.cc:150] IMU data for [simple_robot::base_footprint::imu_sensor] advertised on [imu]
[gazebo-1] [Dbg] [RenderUtil.cc:2646] Create scene [scene]
[gazebo-1] [Dbg] [Sensors.cc:953] Initialization needed
[component_container_isolated-15] [INFO] [1777824326.938844262] [local_costmap.local_costmap]: Timed out waiting for transform from base_footprint to odom to become available, tf error: Could not find a connection between 'odom' and 'base_footprint' because they are not part of the same tree.Tf has two or more unconnected trees.
[gazebo-1] [Dbg] [Sensors.cc:391] Rendering Thread initialized
[gazebo-1] [Dbg] [Lidar.cc:139] Laser scans for [simple_robot::base_footprint::lidar] advertised on [/scan]
[gazebo-1] [Dbg] [GpuLidarSensor.cc:164] Lidar points for [simple_robot::base_footprint::lidar] advertised on [/scan/points]
[gazebo-1] [INFO] [1777824327.383043054] [gz_ros_control]: IMU imu_sensor has a topic name: imu
[gazebo-1] [INFO] [1777824327.383044096] [gz_ros_control]: IMU imu_sensor has a topic name: imu
[gazebo-1] [INFO] [1777824327.384637028] [controller_manager]: Successfully switched controllers!
[gazebo-1] [INFO] [1777824327.384637028] [controller_manager]: Successfully switched controllers!
[spawner-11] [INFO] [1777824327.407738877] [spawner_joint_state_broadcaster]: Configured and activated joint_state_broadcaster
[component_container_isolated-15] [INFO] [1777824327.438829735] [local_costmap.local_costmap]: Timed out waiting for transform from base_footprint to odom to become available, tf error: Could not find a connection between 'odom' and 'base_footprint' because they are not part of the same tree.Tf has two or more unconnected trees.
[spawner-12] [INFO] [1777824327.456803762] [ros2_control_controller_spawner_omni_wheel_drive_controller]: Spawner lock acquired!
[spawner-12] [INFO] [1777824327.631702343] [spawner_omni_wheel_drive_controller]: waiting for service /controller_manager/list_controllers to become available...
[INFO] [spawner-11]: process has finished cleanly [pid 34460]
[component_container_isolated-15] [INFO] [1777824327.938824446] [local_costmap.local_costmap]: Timed out waiting for transform from base_footprint to odom to become available, tf error: Could not find a connection between 'odom' and 'base_footprint' because they are not part of the same tree.Tf has two or more unconnected trees.
[component_container_isolated-15] [INFO] [1777824328.438817323] [local_costmap.local_costmap]: Timed out waiting for transform from base_footprint to odom to become available, tf error: Could not find a connection between 'odom' and 'base_footprint' because they are not part of the same tree.Tf has two or more unconnected trees.
[component_container_isolated-15] [INFO] [1777824328.938821911] [local_costmap.local_costmap]: Timed out waiting for transform from base_footprint to odom to become available, tf error: Could not find a connection between 'odom' and 'base_footprint' because they are not part of the same tree.Tf has two or more unconnected trees.
[component_container_isolated-15] [INFO] [1777824329.438841679] [local_costmap.local_costmap]: Timed out waiting for transform from base_footprint to odom to become available, tf error: Could not find a connection between 'odom' and 'base_footprint' because they are not part of the same tree.Tf has two or more unconnected trees.
[spawner-12] [INFO] [1777824329.442110189] [spawner_omni_wheel_drive_controller]: Setting controller param "params_file" to "['/workspaces/MobileRobotNav2/install/share/pcb_bringup/config/sim/robot_controller.yaml', '/tmp/launch_params_3xj7v1zy']" for omni_wheel_drive_controller
[gazebo-1] [INFO] [1777824329.451050841] [controller_manager]: Loading controller : 'omni_wheel_drive_controller' of type 'omni_wheel_drive_controller/OmniWheelDriveController'
[gazebo-1] [INFO] [1777824329.451123847] [controller_manager]: Loading controller 'omni_wheel_drive_controller'
[gazebo-1] [INFO] [1777824329.451050680] [controller_manager]: Loading controller : 'omni_wheel_drive_controller' of type 'omni_wheel_drive_controller/OmniWheelDriveController'
[gazebo-1] [INFO] [1777824329.451169663] [controller_manager]: Loading controller 'omni_wheel_drive_controller'
[gazebo-1] [INFO] [1777824329.466359166] [controller_manager]: Controller 'omni_wheel_drive_controller' node arguments: --ros-args --params-file /workspaces/MobileRobotNav2/install/share/car/config/sim/robot_controller.yaml -p use_sim_time:=true --params-file /workspaces/MobileRobotNav2/install/share/pcb_bringup/config/sim/robot_controller.yaml --params-file /tmp/launch_params_3xj7v1zy --param use_sim_time:=true 
[gazebo-1] [INFO] [1777824329.466386577] [controller_manager]: Controller 'omni_wheel_drive_controller' node arguments: --ros-args --params-file /workspaces/MobileRobotNav2/install/share/pcb_bringup/config/sim/robot_controller.yaml -p use_sim_time:=true --params-file /workspaces/MobileRobotNav2/install/share/pcb_bringup/config/sim/robot_controller.yaml --params-file /tmp/launch_params_3xj7v1zy --param use_sim_time:=true 
[gazebo-1] [WARN] [1777824329.470875202] [rcl.logging_rosout]: Publisher already registered for node name: 'omni_wheel_drive_controller'. If this is due to multiple nodes with the same name then all logs for the logger named 'omni_wheel_drive_controller' will go out over the existing publisher. As soon as any node with that name is destructed it will unregister the publisher, preventing any further logs for that name from being published on the rosout topic.
[spawner-12] [INFO] [1777824329.572587921] [spawner_omni_wheel_drive_controller]: Loaded omni_wheel_drive_controller
[gazebo-1] [INFO] [1777824329.576007715] [controller_manager]: Configuring controller: 'omni_wheel_drive_controller'
[gazebo-1] [INFO] [1777824329.576060714] [controller_manager]: Configuring controller: 'omni_wheel_drive_controller'
[gazebo-1] [INFO] [1777824329.615893452] [controller_manager]: Activating controllers: [ omni_wheel_drive_controller ]
[gazebo-1] [INFO] [1777824329.615905254] [controller_manager]: Activating controllers: [ omni_wheel_drive_controller ]
[gazebo-1] [INFO] [1777824329.633983566] [controller_manager]: Successfully switched controllers!
[gazebo-1] [INFO] [1777824329.633983506] [controller_manager]: Successfully switched controllers!
[spawner-12] [INFO] [1777824329.656348274] [spawner_omni_wheel_drive_controller]: Configured and activated omni_wheel_drive_controller
[INFO] [spawner-12]: process has finished cleanly [pid 34461]
[component_container_isolated-15] [INFO] [1777824329.938820980] [local_costmap.local_costmap]: Timed out waiting for transform from base_footprint to odom to become available, tf error: Could not find a connection between 'odom' and 'base_footprint' because they are not part of the same tree.Tf has two or more unconnected trees.
[component_container_isolated-15] [INFO] [1777824330.440266878] [local_costmap.local_costmap]: start
[component_container_isolated-15] [INFO] [1777824330.797893261] [controller_server]: Creating bond (controller_server) to lifecycle manager.
[component_container_isolated-15] [INFO] [1777824330.910084551] [lifecycle_manager_navigation]: Server controller_server connected with bond.
[component_container_isolated-15] [INFO] [1777824330.910143581] [lifecycle_manager_navigation]: Activating smoother_server
[component_container_isolated-15] [INFO] [1777824330.911054417] [smoother_server]: Activating
[component_container_isolated-15] [INFO] [1777824330.912488262] [smoother_server]: Creating bond (smoother_server) to lifecycle manager.
[component_container_isolated-15] [INFO] [1777824331.020926054] [lifecycle_manager_navigation]: Server smoother_server connected with bond.
[component_container_isolated-15] [INFO] [1777824331.020985926] [lifecycle_manager_navigation]: Activating planner_server
[component_container_isolated-15] [INFO] [1777824331.022466829] [planner_server]: Activating
[component_container_isolated-15] [INFO] [1777824331.023726137] [global_costmap.global_costmap]: Activating
[component_container_isolated-15] [INFO] [1777824331.023757987] [global_costmap.global_costmap]: Checking transform
[component_container_isolated-15] [INFO] [1777824331.023947662] [global_costmap.global_costmap]: start
[component_container_isolated-15] [INFO] [1777824331.527168543] [planner_server]: Activating plugin GridBased of type SmacPlanner2D
[rviz2-7] [INFO] [1777824331.532511889] [rviz2]: Trying to create a map of size 310 x 210 using 1 swatches
[component_container_isolated-15] [INFO] [1777824331.541307880] [planner_server]: Creating bond (planner_server) to lifecycle manager.
[rviz2-7] [ERROR] [1777824331.565683834] [rviz2]: rviz/glsl120/indexed_8bit_image.vert
[rviz2-7] rviz/glsl120/indexed_8bit_image.frag
[rviz2-7]  GLSL link result : 
[rviz2-7] active samplers with a different type refer to the same texture image unit
[component_container_isolated-15] [INFO] [1777824331.652748114] [lifecycle_manager_navigation]: Server planner_server connected with bond.
[component_container_isolated-15] [INFO] [1777824331.652794090] [lifecycle_manager_navigation]: Activating behavior_server
[component_container_isolated-15] [INFO] [1777824331.653674057] [behavior_server]: Activating
[component_container_isolated-15] [INFO] [1777824331.654916464] [behavior_server]: Activating spin
[component_container_isolated-15] [INFO] [1777824331.656323769] [behavior_server]: Activating backup
[component_container_isolated-15] [INFO] [1777824331.658252401] [behavior_server]: Activating drive_on_heading
[component_container_isolated-15] [INFO] [1777824331.659567132] [behavior_server]: Activating assisted_teleop
[component_container_isolated-15] [INFO] [1777824331.662292385] [behavior_server]: Activating wait
[component_container_isolated-15] [INFO] [1777824331.663929982] [behavior_server]: Creating bond (behavior_server) to lifecycle manager.
[component_container_isolated-15] [INFO] [1777824331.776548903] [lifecycle_manager_navigation]: Server behavior_server connected with bond.
[component_container_isolated-15] [INFO] [1777824331.776617231] [lifecycle_manager_navigation]: Activating velocity_smoother
[component_container_isolated-15] [INFO] [1777824331.777848517] [velocity_smoother]: Activating
[component_container_isolated-15] [INFO] [1777824331.779141458] [velocity_smoother]: Creating bond (velocity_smoother) to lifecycle manager.
[component_container_isolated-15] [INFO] [1777824331.889817862] [lifecycle_manager_navigation]: Server velocity_smoother connected with bond.
[component_container_isolated-15] [INFO] [1777824331.889867995] [lifecycle_manager_navigation]: Activating collision_monitor
[component_container_isolated-15] [INFO] [1777824331.890226938] [collision_monitor]: Activating
[component_container_isolated-15] [INFO] [1777824331.892336378] [collision_monitor]: Creating bond (collision_monitor) to lifecycle manager.
[component_container_isolated-15] [INFO] [1777824332.003149858] [lifecycle_manager_navigation]: Server collision_monitor connected with bond.
[component_container_isolated-15] [INFO] [1777824332.003202807] [lifecycle_manager_navigation]: Activating bt_navigator
[component_container_isolated-15] [INFO] [1777824332.004350105] [bt_navigator]: Activating
[component_container_isolated-15] [INFO] [1777824332.234312825] [bt_navigator]: Creating bond (bt_navigator) to lifecycle manager.
[component_container_isolated-15] [INFO] [1777824332.346540163] [lifecycle_manager_navigation]: Server bt_navigator connected with bond.
[component_container_isolated-15] [INFO] [1777824332.346610265] [lifecycle_manager_navigation]: Activating waypoint_follower
[component_container_isolated-15] [INFO] [1777824332.347895932] [waypoint_follower]: Activating
[component_container_isolated-15] [INFO] [1777824332.348648922] [waypoint_follower]: Creating bond (waypoint_follower) to lifecycle manager.
[component_container_isolated-15] [INFO] [1777824332.458706417] [lifecycle_manager_navigation]: Server waypoint_follower connected with bond.
[component_container_isolated-15] [INFO] [1777824332.458780596] [lifecycle_manager_navigation]: Managed nodes are active
[component_container_isolated-15] [INFO] [1777824332.458795814] [lifecycle_manager_navigation]: Creating bond timer...
