ros@zenbook-victor:/workspaces/MobileRobotNav2$ ros2 launch pcb_simulation sim.launch.py 
[INFO] [launch]: All log files can be found below /home/ros/.ros/log/2026-05-03-16-40-00-798404-zenbook-victor-46691
[INFO] [launch]: Default logging verbosity is set to INFO
[INFO] [gazebo-1]: process started with pid [46713]
[INFO] [parameter_bridge-2]: process started with pid [46714]
[INFO] [parameter_bridge-3]: process started with pid [46715]
[INFO] [parameter_bridge-4]: process started with pid [46716]
[INFO] [create-5]: process started with pid [46718]
[INFO] [static_transform_publisher-6]: process started with pid [46719]
[INFO] [rviz2-7]: process started with pid [46720]
[INFO] [car_controller-8]: process started with pid [46721]
[INFO] [gt_node-9]: process started with pid [46722]
[static_transform_publisher-6] [INFO] [1777826401.340825838] [static_transform_publisher_mmTvyQc190Eyvw31]: Spinning until stopped - publishing transform
[static_transform_publisher-6] translation: ('0.250000', '1.750000', '0.000000')
[static_transform_publisher-6] rotation: ('0.000000', '0.000000', '0.000000', '1.000000')
[static_transform_publisher-6] from 'map' to 'odom'
[create-5] [INFO] [1777826401.391049686] [ros_gz_sim]: Requesting list of world names.
[parameter_bridge-3] [INFO] [1777826401.402274224] [ros_gz_bridge]: Creating GZ->ROS Bridge: [/scan (gz.msgs.LaserScan) -> /scan (sensor_msgs/msg/LaserScan)] (Lazy 0)
[parameter_bridge-2] [INFO] [1777826401.402287339] [ros_gz_bridge]: Creating GZ->ROS Bridge: [/clock (gz.msgs.Clock) -> /clock (rosgraph_msgs/msg/Clock)] (Lazy 0)
[parameter_bridge-4] [INFO] [1777826401.402305633] [ros_gz_bridge]: Creating GZ->ROS Bridge: [/imu (gz.msgs.IMU) -> /imu (sensor_msgs/msg/Imu)] (Lazy 0)
[rviz2-7] [INFO] [1777826401.765050110] [rviz2]: Stereo is NOT SUPPORTED
[rviz2-7] [INFO] [1777826401.765135209] [rviz2]: OpenGl version: 4.6 (GLSL 4.6)
[rviz2-7] [INFO] [1777826401.794201376] [rviz2]: Stereo is NOT SUPPORTED
[gazebo-1] [Dbg] [gz.cc:166] Subscribing to [/gazebo/starting_world].
[gazebo-1] [Dbg] [gz.cc:168] Waiting for a world to be set from the GUI...
[gazebo-1] [Msg] Received world [/workspaces/MobileRobotNav2/install/share/pcb_simulation/worlds/arena.sdf] from the GUI.
[gazebo-1] [Dbg] [gz.cc:172] Unsubscribing from [/gazebo/starting_world].
[gazebo-1] [Msg] Gazebo Sim Server v8.11.0
[gazebo-1] [Msg] Loading SDF world file[/workspaces/MobileRobotNav2/install/share/pcb_simulation/worlds/arena.sdf].
[gazebo-1] [Msg] Serving entity system service on [/entity/system/add]
[gazebo-1] [Msg] Loaded level [default]
[gazebo-1] [Msg] No systems loaded from SDF, loading defaults
[gazebo-1] [Dbg] [ServerConfig.cc:1034] Loaded (3) plugins from file [/home/ros/.gz/sim/8/server.config]
[gazebo-1] [Dbg] [Physics.cc:906] Loaded [gz::physics::dartsim::Plugin] from library [/opt/ros/jazzy/opt/gz_physics_vendor/lib/gz-physics-7/engine-plugins/libgz-physics-dartsim-plugin.so]
[gazebo-1] [Dbg] [SystemManager.cc:80] Loaded system [gz::sim::systems::Physics] for entity [1]
[gazebo-1] [Msg] Create service on [/world/arena_world/create_multiple] (async)
[gazebo-1] [Msg] Create service on [/world/arena_world/create_multiple/blocking] (blocking)
[gazebo-1] [Msg] Remove service on [/world/arena_world/remove] (async)
[gazebo-1] [Msg] Remove service on [/world/arena_world/remove/blocking] (blocking)
[gazebo-1] [Msg] Pose service on [/world/arena_world/set_pose] (async)
[gazebo-1] [Msg] Pose service on [/world/arena_world/set_pose/blocking] (blocking)
[gazebo-1] [Msg] Pose service on [/world/arena_world/set_pose_vector] (async)
[gazebo-1] [Msg] Pose service on [/world/arena_world/set_pose_vector/blocking] (blocking)
[gazebo-1] [Msg] Light configuration service on [/world/arena_world/light_config] (async)
[gazebo-1] [Msg] Light configuration service on [/world/arena_world/light_config/blocking] (blocking)
[gazebo-1] [Msg] Physics service on [/world/arena_world/set_physics] (async)
[gazebo-1] [Msg] Physics service on [/world/arena_world/set_physics/blocking] (blocking)
[gazebo-1] [Msg] SphericalCoordinates service on [/world/arena_world/set_spherical_coordinates] (async)
[gazebo-1] [Msg] SphericalCoordinates service on [/world/arena_world/set_spherical_coordinates/blocking] (blocking)
[gazebo-1] [Msg] Enable collision service on [/world/arena_world/enable_collision] (async)
[gazebo-1] [Msg] Enable collision service on [/world/arena_world/enable_collision/blocking] (blocking)
[gazebo-1] [Msg] Disable collision service on [/world/arena_world/disable_collision] (async)
[create-5] [INFO] [1777826402.131404301] [ros_gz_sim]: Waiting messages on topic [robot_description].
[gazebo-1] [Msg] Disable collision[Msg] Gazebo Sim GUI    v8.11.0
[gazebo-1] [Dbg] [Gui.cc:275] Waiting for subscribers to [/gazebo/starting_world]...
[gazebo-1] [Dbg] [Application.cc:96] Initializing application.
[gazebo-1] [Dbg] [Application.cc:170] Qt using OpenGL graphics interface
[gazebo-1] [GUI] [Dbg] [Application.cc:657] Create main window
[gazebo-1] [GUI] [Dbg] [PathManager.cc:68] Requesting resource paths through [/gazebo/resource_paths/get]
[gazebo-1] [GUI] [Dbg] [Gui.cc:355] GUI requesting list of world names. The server may be busy downloading resources. Please be patient.
[gazebo-1] [GUI] [Dbg] [Gui.cc:413] Requesting GUI from [/world/arena_world/gui/info]...
[gazebo-1] [GUI] [Dbg] [PathManager.cc:57] Received resource paths.
[gazebo-1] [GUI] [Dbg] [GuiRunner.cc:149] Requesting initial state from [/world/arena_world/state]...
[gazebo-1] [GUI] [Msg] Loading config [/home/ros/.gz/sim/8/gui.config]
[gazebo-1] [GUI] [Dbg] [Application.cc:528] Loading plugin [MinimalScene]
[gazebo-1] [GUI] [Dbg] [MinimalScene.cc:802] Creating gz-rendering interface for OpenGL
[gazebo-1] [GUI] [Dbg] [MinimalScene.cc:802] Creating gz-rendering interface for OpenGL
[gazebo-1] [GUI] [Dbg] [MinimalScene.cc:986] Creating render thread interface for OpenGL
[gazebo-1] [GUI] [Dbg] [MinimalScene.cc:802] Creating gz-rendering interface for OpenGL
[gazebo-1] [GUI] [Dbg] [MinimalScene.cc:986] Creating render thread interface for OpenGL
[gazebo-1] [GUI] [Msg] Added plugin [3D View] to main window
[gazebo-1] [GUI] [Msg] Loaded plugin [MinimalScene] from path [/opt/ros/jazzy/opt/gz_gui_vendor/lib/gz-gui-8/plugins/libMinimalScene.so]
[gazebo-1] [GUI] [Dbg] [Application.cc:528] Loading plugin [EntityContextMenuPlugin]
[gazebo-1] [GUI] [Msg] Currently tracking topic on [/gui/currently_tracked]
[gazebo-1] [GUI] [Msg] Added plugin [Entity Context Menu] to main window
[gazebo-1] [GUI] [Msg] Loaded plugin [EntityContextMenuPlugin] from path [/opt/ros/jazzy/opt/gz_sim_vendor/lib/gz-sim-8/plugins/gui/libEntityContextMenuPlugin.so]
[gazebo-1] [GUI] [Dbg] [Application.cc:528] Loading plugin [GzSceneManager]
[gazebo-1] [GUI] [Msg] Added plugin [Scene Manager] to main window
[gazebo-1] [GUI] [Msg] Loaded plugin [GzSceneManager] from path [/opt/ros/jazzy/opt/gz_sim_vendor/lib/gz-sim-8/plugins/gui/libGzSceneManager.so]
[gazebo-1] [GUI] [Dbg] [Application.cc:528] Loading plugin [InteractiveViewControl]
[gazebo-1] [GUI] [Msg] Camera view controller topic advertised on [/gui/camera/view_control]
[gazebo-1] [GUI] [Msg] Camera reference visual topic advertised on [/gui/camera/view_control/reference_visual]
[gazebo-1] [GUI] [Msg] Camera view control sensitivity advertised on [/gui/camera/view_control/sensitivity]
[gazebo-1] [GUI] [Msg] Added plugin [Interactive view control] to main window
[gazebo-1] [GUI] [Msg] Loaded plugin [InteractiveViewControl] from path [/opt/ros/jazzy/opt/gz_gui_vendor/lib/gz-gui-8/plugins/libInteractiveViewControl.so]
[gazebo-1] [GUI] [Dbg] [Application.cc:528] Loading plugin [CameraTracking]
[gazebo-1] [GUI] [Msg] Added plugin [Camera tracking] to main window
[gazebo-1] [GUI] [Msg] Loaded plugin [CameraTracking] from path [/opt/ros/jazzy/opt/gz_gui_vendor/lib/gz-gui-8/plugins/libCameraTracking.so]
[gazebo-1] [GUI] [Dbg] [Application.cc:528] Loading plugin [MarkerManager]
[gazebo-1] [GUI] [Msg] Listening to stats on [/world/arena_world/stats]
[gazebo-1] [GUI] [Msg] Added plugin [Marker Manager] to main window
[gazebo-1] [GUI] [Msg] Loaded plugin [MarkerManager] from path [/opt/ros/jazzy/opt/gz_gui_vendor/lib/gz-gui-8/plugins/libMarkerManager.so]
[gazebo-1] [GUI] [Dbg] [Application.cc:528] Loading plugin [SelectEntities]
[gazebo-1] [GUI] [Msg] Added plugin [Select entities] to main window
[gazebo-1] [GUI] [Msg] Loaded plugin [SelectEntities] from path [/opt/ros/jazzy/opt/gz_sim_vendor/lib/gz-sim-8/plugins/gui/libSelectEntities.so]
[gazebo-1] [GUI] [Dbg] [Application.cc:528] Loading plugin [Spawn]
[gazebo-1] [GUI] [Msg] Added plugin [Spawn] to main window
[gazebo-1] [GUI] [Msg] Loaded plugin [Spawn] from path [/opt/ros/jazzy/opt/gz_sim_vendor/lib/gz-sim-8/plugins/gui/libSpawn.so]
[gazebo-1] [GUI] [Dbg] [Application.cc:528] Loading plugin [VisualizationCapabilities]
[gazebo-1] [GUI] [Msg] View as transparent service on [/gui/view/transparent]
[gazebo-1] [GUI] [Msg] View as wireframes service on [/gui/view/wireframes]
[gazebo-1] [GUI] [Msg] View center of mass service on [/gui/view/com]
[gazebo-1] [GUI] [Msg] View inertia service on [/gui/view/inertia]
[gazebo-1] [GUI] [Msg] View collisions service on [/gui/view/collisions]
[gazebo-1] [GUI] [Msg] View joints service on [/gui/view/joints]
[gazebo-1] [GUI] [Msg] View frames service on [/gui/view/frames]
[gazebo-1] [GUI] [Msg] Added plugin [Visualization capabilities] to main window
[gazebo-1] [GUI] [Msg] Loaded plugin [VisualizationCapabilities] from path [/opt/ros/jazzy/opt/gz_sim_vendor/lib/gz-sim-8/plugins/gui/libVisualizationCapabilities.so]
[gazebo-1] [GUI] [Dbg] [Application.cc:528] Loading plugin [WorldControl]
[gazebo-1] [GUI] [Msg] Using world control service [/world/arena_world/control]
[gazebo-1] [GUI] [Msg] Listening to stats on [/world/arena_world/stats]
[gazebo-1] [GUI] [Dbg] [WorldControl.cc:237] Using an event to share WorldControl msgs with the server
[gazebo-1] [GUI] [Msg] Added plugin [World control] to main window
[gazebo-1] [GUI] [Msg] Loaded plugin [WorldControl] from path [/opt/ros/jazzy/opt/gz_gui_vendor/lib/gz-gui-8/plugins/libWorldControl.so]
[gazebo-1] [GUI] [Dbg] [Application.cc:528] Loading plugin [WorldStats]
[gazebo-1] [GUI] [Msg] Listening to stats on [/world/arena_world/stats]
[gazebo-1] [GUI] [Msg] Added plugin [World stats] to main window
[gazebo-1] [GUI] [Msg] Loaded plugin [WorldStats] from path [/opt/ros/jazzy/opt/gz_gui_vendor/lib/gz-gui-8/plugins/libWorldStats.so]
[gazebo-1] [GUI] [Dbg] [Application.cc:528] Loading plugin [Shapes]
[gazebo-1] [GUI] [Msg] Added plugin [Shapes] to main window
[gazebo-1] [GUI] [Msg] Loaded plugin [Shapes] from path [/opt/ros/jazzy/opt/gz_sim_vendor/lib/gz-sim-8/plugins/gui/libShapes.so]
[gazebo-1] [GUI] [Dbg] [Application.cc:528] Loading plugin [Lights]
[gazebo-1] [GUI] [Msg] Added plugin [Lights] to main window
[gazebo-1] [GUI] [Msg] Loaded plugin [Lights] from path [/opt/ros/jazzy/opt/gz_sim_vendor/lib/gz-sim-8/plugins/gui/libLights.so]
[gazebo-1] [GUI] [Dbg] [Application.cc:528] Loading plugin [TransformControl]
[gazebo-1] [GUI] [Msg] Added plugin [Transform control] to main window
[gazebo-1] [GUI] [Msg] Loaded plugin [TransformControl] from path [/opt/ros/jazzy/opt/gz_sim_vendor/lib/gz-sim-8/plugins/gui/libTransformControl.so]
[gazebo-1] [GUI] [Dbg] [Application.cc:528] Loading plugin [Screenshot]
[gazebo-1] [GUI] [Msg] Screenshot service on [/gui/screenshot]
[gazebo-1] [GUI] [Msg] Added plugin [Screenshot] to main window
[gazebo-1] [GUI] [Msg] Loaded plugin [Screenshot] from path [/opt/ros/jazzy/opt/gz_gui_vendor/lib/gz-gui-8/plugins/libScreenshot.so]
[gazebo-1] [GUI] [Dbg] [Application.cc:528] Loading plugin [CopyPaste]
[gazebo-1] [GUI] [Msg] Added plugin [Copy/Paste] to main window
[gazebo-1] [GUI] [Msg] Loaded plugin [CopyPaste] from path [/opt/ros/jazzy/opt/gz_sim_vendor/lib/gz-sim-8/plugins/gui/libCopyPaste.so]
[gazebo-1] [GUI] [Dbg] [Application.cc:528] Loading plugin [ComponentInspector]
[gazebo-1] [GUI] [Msg] Added plugin [Component inspector] to main window
[gazebo-1] [GUI] [Msg] Loaded plugin [ComponentInspector] from path [/opt/ros/jazzy/opt/gz_sim_vendor/lib/gz-sim-8/plugins/gui/libComponentInspector.so]
[gazebo-1] [GUI] [Dbg] [Application.cc:528] Loading plugin [EntityTree]
[gazebo-1] [GUI] [Msg] Currently tracking topic on [/gui/currently_tracked]
[gazebo-1] [GUI] [Msg] Added plugin [Entity tree] to main window
[gazebo-1] [GUI] [Wrn] [Application.cc:908] [QT] file::/WorldStats/WorldStats.qml:53:3: QML RowLayout: Binding loop detected for property "x"
[gazebo-1] libEGL warning: failed to open /dev/dri/renderD128: Permission denied
[gazebo-1] 
[gazebo-1] libEGL warning: failed to open /dev/dri/renderD128: Permission denied
[gazebo-1] 
[create-5] [INFO] [1777826403.131583995] [ros_gz_sim]: Waiting messages on topic [robot_description].
[INFO] [robot_state_publisher-10]: process started with pid [47029]
[robot_state_publisher-10] [INFO] [1777826403.549004484] [robot_state_publisher]: Robot initialized
[gazebo-1] 1;32m service on [/world/arena_world/disable_collision/blocking] (blocking)
[gazebo-1] [Msg] Material service on [/world/arena_world/visual_config] (async)
[gazebo-1] [Msg] Material service on [/world/arena_world/visual_config/blocking] (blocking)
[gazebo-1] [Msg] Material service on [/world/arena_world/wheel_slip] (async)
[gazebo-1] [Msg] Material service on [/world/arena_world/wheel_slip/blocking] (blocking)
[gazebo-1] [Dbg] [SystemManager.cc:80] Loaded system [gz::sim::systems::UserCommands] for entity [1]
[gazebo-1] [Dbg] [SystemManager.cc:80] Loaded system [gz::sim::systems::SceneBroadcaster] for entity [1]
[gazebo-1] [Msg] Serving world controls on [/world/arena_world/control], [/world/arena_world/control/state] and [/world/arena_world/playback/control]
[gazebo-1] [Msg] Serving GUI information on [/world/arena_world/gui/info]
[gazebo-1] [Msg] World [arena_world] initialized with [default_physics] physics profile.
[gazebo-1] [Msg] Serving world SDF generation service on [/world/arena_world/generate_world_sdf]
[gazebo-1] [Msg] Serving world names on [/gazebo/worlds]
[gazebo-1] [Msg] Resource path add service on [/gazebo/resource_paths/add].
[gazebo-1] [Msg] Resource path get service on [/gazebo/resource_paths/get].
[gazebo-1] [Msg] Resource path resolve service on [/gazebo/resource_paths/resolve].
[gazebo-1] [Msg] Resource paths published on [/gazebo/resource_paths].
[gazebo-1] [Msg] Server control service on [/server_control].
[gazebo-1] [Msg] Found no publishers on /stats, adding root stats topic
[gazebo-1] [Msg] Found no publishers on /clock, adding root clock topic
[gazebo-1] [Dbg] [SimulationRunner.cc:551] Creating PostUpdate worker threads: 2
[gazebo-1] [Dbg] [SimulationRunner.cc:562] Creating postupdate worker thread (0)
[gazebo-1] [Msg] Serving scene information on [/world/arena_world/scene/info]
[gazebo-1] [Msg] Serving graph information on [/world/arena_world/scene/graph]
[gazebo-1] [Msg] Serving full state on [/world/arena_world/state]
[gazebo-1] [Msg] Serving full state (async) on [/world/arena_world/state_async]
[gazebo-1] [Msg] Publishing scene information on [/world/arena_world/scene/info]
[gazebo-1] [Msg] Publishing entity deletions on [/world/arena_world/scene/deletion]
[gazebo-1] [Msg] Publishing state changes on [/world/arena_world/state]
[gazebo-1] [Msg] Publishing pose messages on [/world/arena_world/pose/info]
[gazebo-1] [Msg] Publishing dynamic pose messages on [/world/arena_world/dynamic_pose/info]
[create-5] [INFO] [1777826403.645544004] [ros_gz_sim]: Entity creation successful.
[gazebo-1] [Dbg] [EntityComponentManager.cc:1656] Updated state thread iterators: 16 threads processing around 2 entities each.
[gazebo-1] Warning [Utils.cc:132] [/sdf/model[@name="simple_robot"]/link[@name="base_footprint"]/sensor[@name="imu_sensor"]/noise:<urdf-string>:L0]: XML Element[noise], child of element[sensor], not defined in SDF. Copying[noise] as children of [sensor].
[gazebo-1] Warning [Utils.cc:132] [/sdf/model[@name="simple_robot"]/link[@name="base_footprint"]/sensor[@name="lidar"]/gz_frame_id:<urdf-string>:L0]: XML Element[gz_frame_id], child of element[sensor], not defined in SDF. Copying[gz_frame_id] as children of [sensor].
[gazebo-1] [Wrn] [SdfEntityCreator.cc:933] Gazebo does not support Ogre material scripts. See https://gazebosim.org/api/sim/8/migrationsdf.html#:~:text=Materials for details.
[gazebo-1] [Wrn] [SdfEntityCreator.cc:949] Using an internal gazebo.material to parse Gazebo/Blue
[gazebo-1] [Wrn] [SdfEntityCreator.cc:933] Gazebo does not support Ogre material scripts. See https://gazebosim.org/api/sim/8/migrationsdf.html#:~:text=Materials for details.
[gazebo-1] [Wrn] [SdfEntityCreator.cc:949] Using an internal gazebo.material to parse Gazebo/Blue
[gazebo-1] [Wrn] [SdfEntityCreator.cc:933] Gazebo does not support Ogre material scripts. See https://gazebosim.org/api/sim/8/migrationsdf.html#:~:text=Materials for details.
[gazebo-1] [Wrn] [SdfEntityCreator.cc:949] Using an internal gazebo.material to parse Gazebo/Blue
[gazebo-1] [Wrn] [SdfEntityCreator.cc:933] Gazebo does not support Ogre material scripts. See https://gazebosim.org/api/sim/8/migrationsdf.html#:~:text=Materials for details.
[gazebo-1] [Wrn] [SdfEntityCreator.cc:949] Using an internal gazebo.material to parse Gazebo/Blue
[INFO] [create-5]: process has finished cleanly [pid 46718]
[gazebo-1] [INFO] [1777826403.939018302] [gz_ros_control]: Loading controller_manager
[gazebo-1] [INFO] [1777826403.966112347] [controller_manager]: Using ROS clock for triggering controller manager cycles.
[gazebo-1] [INFO] [1777826403.973664933] [controller_manager]: Subscribing to '/robot_description' topic for robot description.
[gazebo-1] [WARN] [1777826403.977855348] [gz_ros_control]: Waiting RM to load and initialize hardware...
[gazebo-1] [INFO] [1777826404.115819199] [controller_manager]: Received robot description from topic.
[gazebo-1] [INFO] [1777826404.115895592] [controller_manager]: Enforcing command limits is disabled. Command limits from URDF will be ignored.
[gazebo-1] [INFO] [1777826404.120673300] [gz_ros_control]: The position_proportional_gain has been set to: 0.1
[gazebo-1] [INFO] [1777826404.120767827] [gz_ros_control]: Loading joint: lf_joint
[gazebo-1] [INFO] [1777826404.120775021] [gz_ros_control]:      State:
[gazebo-1] [INFO] [1777826404.120781774] [gz_ros_control]:               position
[gazebo-1] [INFO] [1777826404.120788105] [gz_ros_control]:               velocity
[gazebo-1] [INFO] [1777826404.120796371] [gz_ros_control]:      Command:
[gazebo-1] [INFO] [1777826404.120799868] [gz_ros_control]:               velocity
[gazebo-1] [INFO] [1777826404.120827239] [gz_ros_control]: Loading joint: rf_joint
[gazebo-1] [INFO] [1777826404.120830956] [gz_ros_control]:      State:
[gazebo-1] [INFO] [1777826404.120834232] [gz_ros_control]:               position
[gazebo-1] [INFO] [1777826404.120838209] [gz_ros_control]:               velocity
[gazebo-1] [INFO] [1777826404.120841636] [gz_ros_control]:      Command:
[gazebo-1] [INFO] [1777826404.120845153] [gz_ros_control]:               velocity
[gazebo-1] [INFO] [1777826404.120859019] [gz_ros_control]: Loading joint: rb_joint
[gazebo-1] [INFO] [1777826404.120862645] [gz_ros_control]:      State:
[gazebo-1] [INFO] [1777826404.120865671] [gz_ros_control]:               position
[gazebo-1] [INFO] [1777826404.120869478] [gz_ros_control]:               velocity
[gazebo-1] [INFO] [1777826404.120872704] [gz_ros_control]:      Command:
[gazebo-1] [INFO] [1777826404.120875900] [gz_ros_control]:               velocity
[gazebo-1] [INFO] [1777826404.120888895] [gz_ros_control]: Loading joint: lb_joint
[gazebo-1] [INFO] [1777826404.120892381] [gz_ros_control]:      State:
[gazebo-1] [INFO] [1777826404.120895667] [gz_ros_control]:               position
[gazebo-1] [INFO] [1777826404.120898943] [gz_ros_control]:               velocity
[gazebo-1] [INFO] [1777826404.120902009] [gz_ros_control]:      Command:
[gazebo-1] [INFO] [1777826404.120905045] [gz_ros_control]:               velocity
[gazebo-1] [INFO] [1777826404.120951011] [gz_ros_control]: Loading sensor: imu_sensor
[gazebo-1] [INFO] [1777826404.120961150] [gz_ros_control]:      State:
[gazebo-1] [INFO] [1777826404.121052802] [controller_manager]: Initialize hardware 'RobotController' 
[gazebo-1] [WARN] [1777826404.121069654] [controller_manager.hardware_component.system.RobotController]: Executor is not available during hardware component initialization for 'RobotController'. Skipping node creation!
[gazebo-1] [INFO] [1777826404.121136990] [controller_manager]: Successful initialization of hardware 'RobotController'
[gazebo-1] [INFO] [1777826404.121249712] [controller_manager]: Activating component 'RobotController'.
[gazebo-1] [INFO] [1777826404.121264339] [resource_manager]: 'configure' hardware 'RobotController' 
[gazebo-1] [INFO] [1777826404.121270100] [gz_ros_control]: System Successfully configured!
[gazebo-1] [INFO] [1777826404.121274949] [resource_manager]: Successful 'configure' of hardware 'RobotController'
[gazebo-1] [INFO] [1777826404.121281952] [resource_manager]: 'activate' hardware 'RobotController' 
[gazebo-1] [INFO] [1777826404.121296680] [resource_manager]: Successful 'activate' of hardware 'RobotController'
[gazebo-1] [WARN] [1777826404.121583899] [controller_manager]: Component 'RobotController' does not have read or write statistics initialized, skipping registration.
[gazebo-1] [INFO] [1777826404.121595190] [controller_manager]: Resource Manager has been successfully initialized. Starting Controller Manager services...
[INFO] [spawner-11]: process started with pid [47092]
[INFO] [spawner-12]: process started with pid [47093]
[spawner-11] [INFO] [1777826405.367586394] [spawner_joint_state_broadcaster]: waiting for service /controller_manager/list_controllers to become available...
[spawner-11] [INFO] [1777826405.885289616] [spawner_joint_state_broadcaster]: Setting controller param "params_file" to "['/tmp/launch_params_ot2_h4of']" for joint_state_broadcaster
[gazebo-1] [INFO] [1777826405.889678214] [controller_manager]: Loading controller : 'joint_state_broadcaster' of type 'joint_state_broadcaster/JointStateBroadcaster'
[gazebo-1] [INFO] [1777826405.889764776] [controller_manager]: Loading controller 'joint_state_broadcaster'
[gazebo-1] [INFO] [1777826405.909622428] [controller_manager]: Controller 'joint_state_broadcaster' node arguments: --ros-args --params-file /workspaces/MobileRobotNav2/install/share/car/config/sim/robot_controller.yaml -p use_sim_time:=true --params-file /tmp/launch_params_ot2_h4of --param use_sim_time:=true 
[spawner-11] [INFO] [1777826405.947730154] [spawner_joint_state_broadcaster]: Loaded joint_state_broadcaster
[gazebo-1] [INFO] [1777826405.950449328] [controller_manager]: Configuring controller: 'joint_state_broadcaster'
[gazebo-1] [INFO] [1777826405.950899142] [joint_state_broadcaster]: 'joints' or 'interfaces' parameter is empty. All available state interfaces will be published
[gazebo-1] [INFO] [1777826406.002717212] [controller_manager]: Activating controllers: [ joint_state_broadcaster ]
[gazebo-1] [WARN] [1777826406.008309578] [rcl.logging_rosout]: Publisher already registered for node name: 'gz_ros_control'. If this is due to multiple nodes with the same name then all logs for the logger named 'gz_ros_control' will go out over the existing publisher. As soon as any node with that name is destructed it will unregister the publisher, preventing any further logs for that name from being published on the rosout topic.
[gazebo-1] [INFO] [1777826406.028968133] [gz_ros_control]: Loading controller_manager
[gazebo-1] [WARN] [1777826406.030249118] [rcl.logging_rosout]: Publisher already registered for node name: 'controller_manager'. If this is due to multiple nodes with the same name then all logs for the logger named 'controller_manager' will go out over the existing publisher. As soon as any node with that name is destructed it will unregister the publisher, preventing any further logs for that name from being published on the rosout topic.
[gazebo-1] [INFO] [1777826406.073679364] [controller_manager]: Using ROS clock for triggering controller manager cycles.
[gazebo-1] [INFO] [1777826406.076595658] [controller_manager]: Subscribing to '/robot_description' topic for robot description.
[gazebo-1] [WARN] [1777826406.077513020] [gz_ros_control]: Waiting RM to load and initialize hardware...
[gazebo-1] [INFO] [1777826406.087595013] [controller_manager]: Received robot description from topic.
[gazebo-1] [INFO] [1777826406.087691053] [controller_manager]: Enforcing command limits is disabled. Command limits from URDF will be ignored.
[gazebo-1] [INFO] [1777826406.091961288] [gz_ros_control]: The position_proportional_gain has been set to: 0.1
[gazebo-1] [INFO] [1777826406.092040607] [gz_ros_control]: Loading joint: lf_joint
[gazebo-1] [INFO] [1777826406.092053802] [gz_ros_control]:      State:
[gazebo-1] [INFO] [1777826406.092064272] [gz_ros_control]:               position
[gazebo-1] [INFO] [1777826406.092076455] [gz_ros_control]:               velocity
[gazebo-1] [INFO] [1777826406.092087976] [gz_ros_control]:      Command:
[gazebo-1] [INFO] [1777826406.092096993] [gz_ros_control]:               velocity
[gazebo-1] [INFO] [1777826406.092121269] [gz_ros_control]: Loading joint: rf_joint
[gazebo-1] [INFO] [1777826406.092130055] [gz_ros_control]:      State:
[gazebo-1] [INFO] [1777826406.092138220] [gz_ros_control]:               position
[gazebo-1] [INFO] [1777826406.092147708] [gz_ros_control]:               velocity
[gazebo-1] [INFO] [1777826406.092160122] [gz_ros_control]:      Command:
[gazebo-1] [INFO] [1777826406.092176122] [gz_ros_control]:               velocity
[gazebo-1] [INFO] [1777826406.092200628] [gz_ros_control]: Loading joint: rb_joint
[gazebo-1] [INFO] [1777826406.092217289] [gz_ros_control]:      State:
[gazebo-1] [INFO] [1777826406.092231736] [gz_ros_control]:               position
[gazebo-1] [INFO] [1777826406.092249339] [gz_ros_control]:               velocity
[gazebo-1] [INFO] [1777826406.092258546] [gz_ros_control]:      Command:
[gazebo-1] [INFO] [1777826406.092266862] [gz_ros_control]:               velocity
[gazebo-1] [INFO] [1777826406.092281620] [gz_ros_control]: Loading joint: lb_joint
[gazebo-1] [INFO] [1777826406.092290356] [gz_ros_control]:      State:
[gazebo-1] [INFO] [1777826406.092298431] [gz_ros_control]:               position
[gazebo-1] [INFO] [1777826406.092307268] [gz_ros_control]:               velocity
[gazebo-1] [INFO] [1777826406.092315724] [gz_ros_control]:      Command:
[gazebo-1] [INFO] [1777826406.092323719] [gz_ros_control]:               velocity
[gazebo-1] [INFO] [1777826406.092355228] [gz_ros_control]: Loading sensor: imu_sensor
[gazebo-1] [INFO] [1777826406.092377470] [gz_ros_control]:      State:
[gazebo-1] [INFO] [1777826406.092441910] [controller_manager]: Initialize hardware 'RobotController' 
[gazebo-1] [WARN] [1777826406.092468761] [controller_manager.hardware_component.system.RobotController]: Executor is not available during hardware component initialization for 'RobotController'. Skipping node creation!
[gazebo-1] [INFO] [1777826406.092546928] [controller_manager]: Successful initialization of hardware 'RobotController'
[gazebo-1] [INFO] [1777826406.092742475] [controller_manager]: Activating component 'RobotController'.
[gazebo-1] [INFO] [1777826406.092786247] [resource_manager]: 'configure' hardware 'RobotController' 
[gazebo-1] [INFO] [1777826406.092853142] [gz_ros_control]: System Successfully configured!
[gazebo-1] [INFO] [1777826406.092869573] [resource_manager]: Successful 'configure' of hardware 'RobotController'
[gazebo-1] [INFO] [1777826406.092880634] [resource_manager]: 'activate' hardware 'RobotController' 
[gazebo-1] [INFO] [1777826406.092890162] [resource_manager]: Successful 'activate' of hardware 'RobotController'
[gazebo-1] [WARN] [1777826406.092933914] [controller_manager]: Component 'RobotController' does not have read or write statistics initialized, skipping registration.
[gazebo-1] [INFO] [1777826406.092951637] [controller_manager]: Resource Manager has been successfully initialized. Starting Controller Manager services...
[gazebo-1] [WARN] [1777826408.102563496] [gz_ros_control]:  Desired controller update period (0.02 s) is slower than the gazebo simulation period (0.001 s).
[gazebo-1] [INFO] [1777826408.104343507] [controller_manager]: Successfully switched controllers!
[gazebo-1] [GUI] [Msg] Loaded plugin [EntityTree] from path [/opt/ros/jazzy/opt/gz_sim_vendor/lib/gz-sim-8/plugins/gui/libEntityTree.so]
[gazebo-1] [GUI] [Dbg] [Application.cc:398] Loading window config
[gazebo-1] [GUI] [Msg] Using server control service [/server_control]
[gazebo-1] [GUI] [Dbg] [Application.cc:671] Applying config
[gazebo-1] [GUI] [Dbg] [MinimalScene.cc:802] Creating gz-rendering interface for OpenGL
[gazebo-1] [GUI] [Dbg] [MinimalScene.cc:986] Creating render thread interface for OpenGL
[gazebo-1] [GUI] [Msg] Loading plugin [gz-rendering-ogre2]
[gazebo-1] [GUI] [Dbg] [MinimalScene.cc:749] Create scene [scene]
[gazebo-1] [GUI] [Dbg] [MinimalScene.cc:1037] Creating texture node render interface for OpenGL
[gazebo-1] [GUI] [Dbg] [TransformControl.cc:453] TransformControl plugin is using camera [scene::Camera(65527)]
[gazebo-1] [GUI] [Dbg] [Spawn.cc:308] Spawn plugin is using camera [scene::Camera(65527)]
[gazebo-1] [GUI] [Dbg] [SelectEntities.cc:452] SelectEntities plugin is using camera [scene::Camera(65527)]
[gazebo-1] [GUI] [Dbg] [MarkerManager.cc:169] Advertise /marker/list service.
[gazebo-1] [GUI] [Dbg] [MarkerManager.cc:179] Advertise /marker/list.
[gazebo-1] [GUI] [Dbg] [MarkerManager.cc:189] Advertise /marker_array.
[gazebo-1] [GUI] [Dbg] [CameraTracking.cc:205] CameraTrackingPrivate plugin is moving camera [scene::Camera(65527)]
[gazebo-1] [GUI] [Msg] Move to service on [/gui/move_to]
[gazebo-1] [GUI] [Msg] Follow service on [/gui/follow] (deprecated)
[gazebo-1] [GUI] [Msg] Tracking topic on [/gui/track]
[gazebo-1] [GUI] [Msg] Tracking status topic on [/gui/currently_tracked]
[gazebo-1] [GUI] [Msg] Move to pose service on [/gui/move_to/pose]
[gazebo-1] [GUI] [Msg] Camera pose topic advertised on [/gui/camera/pose]
[gazebo-1] [GUI] [Msg] Follow offset service on [/gui/follow/offset] (deprecated)
[gazebo-1] [GUI] [Dbg] [InteractiveViewControl.cc:176] InteractiveViewControl plugin is moving camera [scene::Camera(65527)]
[gazebo-1] [GUI] [Dbg] [EntityContextMenuPlugin.cc:79] Entity context menu plugin is using camera [scene::Camera(65527)]
[gazebo-1] Warning [Utils.cc:132] [/sdf/model[@name="simple_robot"]/link[@name="base_footprint"]/sensor[@name="imu_sensor"]/noise:<data-string>:L75]: XML Element[noise], child of element[sensor], not defined in SDF. Copying[noise] as children of [sensor].
[gazebo-1] Warning [Utils.cc:132] [/sdf/model[@name="simple_robot"]/link[@name="base_footprint"]/sensor[@name="lidar"]/gz_frame_id:<data-string>:L114]: XML Element[gz_frame_id], child of element[sensor], not defined in SDF. Copying[gz_frame_id] as children of [sensor].
[gazebo-1] libEGL warning: failed to open /dev/dri/renderD128: Permission denied
[gazebo-1] 
[gazebo-1] libEGL warning: failed to open /dev/dri/renderD128: Permission denied
[gazebo-1] 
[gazebo-1] [INFO] [1777826409.098301997] [gz_ros_control]: IMU imu_sensor has a topic name: imu
[gazebo-1] [INFO] [1777826409.098304862] [gz_ros_control]: IMU imu_sensor has a topic name: imu
[gazebo-1] [INFO] [1777826409.459344150] [controller_manager]: Loading controller : 'omni_wheel_drive_controller' of type 'omni_wheel_drive_controller/OmniWheelDriveController'
[gazebo-1] [INFO] [1777826409.459440982] [controller_manager]: Loading controller 'omni_wheel_drive_controller'
[gazebo-1] [INFO] [1777826409.459382081] [controller_manager]: Loading controller : 'omni_wheel_drive_controller' of type 'omni_wheel_drive_controller/OmniWheelDriveController'
[gazebo-1] [INFO] [1777826409.459517215] [controller_manager]: Loading controller 'omni_wheel_drive_controller'
[gazebo-1] [INFO] [1777826409.476695638] [controller_manager]: Controller 'omni_wheel_drive_controller' node arguments: --ros-args --params-file /workspaces/MobileRobotNav2/install/share/car/config/sim/robot_controller.yaml -p use_sim_time:=true --params-file /workspaces/MobileRobotNav2/install/share/pcb_bringup/config/sim/robot_controller.yaml --params-file /tmp/launch_params_d2m446p0 --param use_sim_time:=true 
[gazebo-1] [INFO] [1777826409.476816575] [controller_manager]: Controller 'omni_wheel_drive_controller' node arguments: --ros-args --params-file /workspaces/MobileRobotNav2/install/share/pcb_bringup/config/sim/robot_controller.yaml -p use_sim_time:=true --params-file /workspaces/MobileRobotNav2/install/share/pcb_bringup/config/sim/robot_controller.yaml --params-file /tmp/launch_params_d2m446p0 --param use_sim_time:=true 
[gazebo-1] [WARN] [1777826409.479375337] [rcl.logging_rosout]: Publisher already registered for node name: 'omni_wheel_drive_controller'. If this is due to multiple nodes with the same name then all logs for the logger named 'omni_wheel_drive_controller' will go out over the existing publisher. As soon as any node with that name is destructed it will unregister the publisher, preventing any further logs for that name from being published on the rosout topic.
[gazebo-1] [INFO] [1777826409.583233352] [controller_manager]: Configuring controller: 'omni_wheel_drive_controller'
[gazebo-1] [INFO] [1777826409.583290580] [controller_manager]: Configuring controller: 'omni_wheel_drive_controller'
[gazebo-1] [INFO] [1777826409.621244036] [controller_manager]: Activating controllers: [ omni_wheel_drive_controller ]
[gazebo-1] [INFO] [1777826409.621263022] [controller_manager]: Activating controllers: [ omni_wheel_drive_controller ]
[gazebo-1] [INFO] [1777826409.638273519] [controller_manager]: Successfully switched controllers!
[gazebo-1] [INFO] [1777826409.638315228] [controller_manager]: Successfully switched controllers!
[INFO] [spawner-11]: process has finished cleanly [pid 47092]
[INFO] [spawner-12]: process has finished cleanly [pid 47093]
[gazebo-1] [Dbg] [SystemManager.cc:80] Loaded system [gz_ros2_control::GazeboSimROS2ControlPlugin] for entity [26]
[gazebo-1] [Dbg] [Sensors.cc:697] Configuring Sensors system
[gazebo-1] [Dbg] [Sensors.cc:557] SensorsPrivate::Run
[gazebo-1] [Dbg] [SystemManager.cc:80] Loaded system [gz::sim::systems::Sensors] for entity [26]
[gazebo-1] [Dbg] [Sensors.cc:532] SensorsPrivate::RenderThread started
[gazebo-1] [Dbg] [Sensors.cc:337] Waiting for init
[gazebo-1] [Dbg] [SystemManager.cc:80] Loaded system [gz::sim::systems::Imu] for entity [26]
[gazebo-1] [Dbg] [SystemManager.cc:80] Loaded system [gz_ros2_control::GazeboSimROS2ControlPlugin] for entity [26]
[gazebo-1] [Dbg] [UserCommands.cc:1094] Created entity [26] named [simple_robot]
[gazebo-1] [Dbg] [SimulationRunner.cc:578] Exiting postupdate worker thread (0)
[gazebo-1] [Dbg] [SimulationRunner.cc:551] Creating PostUpdate worker threads: 6
[gazebo-1] [Dbg] [SimulationRunner.cc:562] Creating postupdate worker thread (0)
[gazebo-1] [Dbg] [SimulationRunner.cc:562] Creating postupdate worker thread (1)
[gazebo-1] [Dbg] [SimulationRunner.cc:562] Creating postupdate worker thread (2)
[gazebo-1] [Dbg] [SimulationRunner.cc:562] Creating postupdate worker thread (3)
[gazebo-1] [Dbg] [SimulationRunner.cc:562] Creating postupdate worker thread (4)
[gazebo-1] [Dbg] [Sensors.cc:953] Initialization needed
[gazebo-1] [Dbg] [Sensors.cc:349] Initializing render context
[gazebo-1] [Msg] Loading plugin [gz-rendering-ogre2]
[gazebo-1] [Dbg] [ImuSensor.cc:150] IMU data for [simple_robot::base_footprint::imu_sensor] advertised on [imu]
[gazebo-1] [Dbg] [RenderUtil.cc:2646] Create scene [scene]
[gazebo-1] [Dbg] [Sensors.cc:391] [Dbg] [Sensors.cc:953] Rendering Thread initialized
[gazebo-1] [Dbg] [Sensors.cc:953] Rendering Thread initializedInitialization needed
[gazebo-1] [Dbg] [Lidar.cc:139] Laser scans for [simple_robot::base_footprint::lidar] advertised on [/scan]
[gazebo-1] [Dbg] [GpuLidarSensor.cc:164] Lidar points for [simple_robot::base_footprint::lidar] advertised on [/scan/points]
[INFO] [jenga_manager_node-13]: process started with pid [47316]
[INFO] [lifecycle_manager-14]: process started with pid [47317]
[INFO] [component_container_isolated-15]: process started with pid [47318]
[spawner-11] [INFO] [1777826409.102738885] [spawner_joint_state_broadcaster]: Configured and activated joint_state_broadcaster
[spawner-12] [INFO] [1777826409.423291592] [spawner_omni_wheel_drive_controller]: waiting for service /controller_manager/list_controllers to become available...
[spawner-12] [INFO] [1777826409.446318211] [spawner_omni_wheel_drive_controller]: Setting controller param "params_file" to "['/workspaces/MobileRobotNav2/install/share/pcb_bringup/config/sim/robot_controller.yaml', '/tmp/launch_params_d2m446p0']" for omni_wheel_drive_controller
[spawner-12] [INFO] [1777826409.580537492] [spawner_omni_wheel_drive_controller]: Loaded omni_wheel_drive_controller
[spawner-12] [INFO] [1777826409.660483165] [spawner_omni_wheel_drive_controller]: Configured and activated omni_wheel_drive_controller
[lifecycle_manager-14] [INFO] [1777826410.094032570] [lifecycle_manager_application]: Creating
[lifecycle_manager-14] [INFO] [1777826410.109696680] [lifecycle_manager_application]: Creating and initializing lifecycle service clients
[lifecycle_manager-14] [INFO] [1777826410.172869121] [lifecycle_manager_application]: Starting managed nodes bringup...
[lifecycle_manager-14] [INFO] [1777826410.172957948] [lifecycle_manager_application]: Configuring jenga_manager
[jenga_manager_node-13] [INFO] [1777826410.173905777] [jenga_manager]: Configuring Jenga Manager...
[lifecycle_manager-14] [INFO] [1777826410.184331305] [lifecycle_manager_application]: Activating jenga_manager
[jenga_manager_node-13] [INFO] [1777826410.184630787] [jenga_manager]: Activating and loading groups...
[component_container_isolated-15] [INFO] [1777826412.475377782] [nav2_container]: Load Library: /opt/ros/jazzy/lib/libcontroller_server_core.so
[component_container_isolated-15] [INFO] [1777826412.517270582] [nav2_container]: Found class: rclcpp_components::NodeFactoryTemplate<nav2_controller::ControllerServer>
[component_container_isolated-15] [INFO] [1777826412.517350842] [nav2_container]: Instantiate class: rclcpp_components::NodeFactoryTemplate<nav2_controller::ControllerServer>
[component_container_isolated-15] [INFO] [1777826412.561340277] [controller_server]: 
[component_container_isolated-15]       controller_server lifecycle node launched. 
[component_container_isolated-15]       Waiting on external lifecycle transitions to activate
[component_container_isolated-15]       See https://design.ros2.org/articles/node_lifecycle.html for more information.
[component_container_isolated-15] [INFO] [1777826412.581866544] [controller_server]: Creating controller server
[component_container_isolated-15] [INFO] [1777826412.613747462] [local_costmap.local_costmap]: 
[component_container_isolated-15]       local_costmap lifecycle node launched. 
[component_container_isolated-15]       Waiting on external lifecycle transitions to activate
[component_container_isolated-15]       See https://design.ros2.org/articles/node_lifecycle.html for more information.
[component_container_isolated-15] [INFO] [1777826412.619906252] [local_costmap.local_costmap]: Creating Costmap
[component_container_isolated-15] [INFO] [1777826412.623525785] [nav2_container]: Load Library: /opt/ros/jazzy/lib/libmap_server_core.so
[INFO] [launch_ros.actions.load_composable_nodes]: Loaded node '/controller_server' in container '/nav2_container'
[component_container_isolated-15] [INFO] [1777826412.680127342] [nav2_container]: Found class: rclcpp_components::NodeFactoryTemplate<nav2_map_server::CostmapFilterInfoServer>
[component_container_isolated-15] [INFO] [1777826412.680192144] [nav2_container]: Found class: rclcpp_components::NodeFactoryTemplate<nav2_map_server::MapSaver>
[component_container_isolated-15] [INFO] [1777826412.680201251] [nav2_container]: Found class: rclcpp_components::NodeFactoryTemplate<nav2_map_server::MapServer>
[component_container_isolated-15] [INFO] [1777826412.680207322] [nav2_container]: Instantiate class: rclcpp_components::NodeFactoryTemplate<nav2_map_server::MapServer>
[component_container_isolated-15] [INFO] [1777826412.709977389] [map_server]: 
[component_container_isolated-15]       map_server lifecycle node launched. 
[component_container_isolated-15]       Waiting on external lifecycle transitions to activate
[component_container_isolated-15]       See https://design.ros2.org/articles/node_lifecycle.html for more information.
[component_container_isolated-15] [INFO] [1777826412.710081845] [map_server]: Creating
[component_container_isolated-15] [INFO] [1777826412.711962775] [nav2_container]: Load Library: /opt/ros/jazzy/lib/libnav2_lifecycle_manager_core.so
[INFO] [launch_ros.actions.load_composable_nodes]: Loaded node '/map_server' in container '/nav2_container'
[component_container_isolated-15] [INFO] [1777826412.714550883] [nav2_container]: Found class: rclcpp_components::NodeFactoryTemplate<nav2_lifecycle_manager::LifecycleManager>
[component_container_isolated-15] [INFO] [1777826412.714601117] [nav2_container]: Instantiate class: rclcpp_components::NodeFactoryTemplate<nav2_lifecycle_manager::LifecycleManager>
[component_container_isolated-15] [INFO] [1777826412.739115128] [lifecycle_manager_localization]: Creating
[INFO] [launch_ros.actions.load_composable_nodes]: Loaded node '/lifecycle_manager_localization' in container '/nav2_container'
[component_container_isolated-15] [INFO] [1777826412.754628616] [lifecycle_manager_localization]: Creating and initializing lifecycle service clients
[component_container_isolated-15] [INFO] [1777826412.755131540] [nav2_container]: Load Library: /opt/ros/jazzy/lib/libsmoother_server_core.so
[component_container_isolated-15] [INFO] [1777826412.763902392] [nav2_container]: Found class: rclcpp_components::NodeFactoryTemplate<nav2_smoother::SmootherServer>
[component_container_isolated-15] [INFO] [1777826412.763976922] [nav2_container]: Instantiate class: rclcpp_components::NodeFactoryTemplate<nav2_smoother::SmootherServer>
[component_container_isolated-15] [INFO] [1777826412.768173418] [lifecycle_manager_localization]: Starting managed nodes bringup...
[component_container_isolated-15] [INFO] [1777826412.769125065] [lifecycle_manager_localization]: Configuring map_server
[component_container_isolated-15] [INFO] [1777826412.769695635] [map_server]: Configuring
[component_container_isolated-15] [INFO] [1777826412.769837381] [map_io]: Loading yaml file: /workspaces/MobileRobotNav2/install/share/pcb_bringup/config/map/map_cdfr_simple.yaml
[component_container_isolated-15] [INFO] [1777826412.773701133] [map_io]: resolution: 0.01
[component_container_isolated-15] [INFO] [1777826412.773754594] [map_io]: origin[0]: -0.05
[component_container_isolated-15] [INFO] [1777826412.773769041] [map_io]: origin[1]: -0.05
[component_container_isolated-15] [INFO] [1777826412.773778959] [map_io]: origin[2]: 0
[component_container_isolated-15] [INFO] [1777826412.773788888] [map_io]: free_thresh: 0.3
[component_container_isolated-15] [INFO] [1777826412.773798366] [map_io]: occupied_thresh: 0.7
[component_container_isolated-15] [INFO] [1777826412.773813374] [map_io]: mode: trinary
[component_container_isolated-15] [INFO] [1777826412.773824335] [map_io]: negate: 0
[component_container_isolated-15] [INFO] [1777826412.778725384] [map_io]: Loading image_file: /workspaces/MobileRobotNav2/install/share/pcb_bringup/config/map/map_cdfr_simple.pgm
[component_container_isolated-15] [INFO] [1777826412.785830179] [map_io]: Read map /workspaces/MobileRobotNav2/install/share/pcb_bringup/config/map/map_cdfr_simple.pgm: 310 X 210 map @ 0.01 m/cell
[component_container_isolated-15] [INFO] [1777826412.801921541] [lifecycle_manager_localization]: Activating map_server
[component_container_isolated-15] [INFO] [1777826412.802328886] [map_server]: Activating
[component_container_isolated-15] [INFO] [1777826412.802742783] [map_server]: Creating bond (map_server) to lifecycle manager.
[rviz2-7] [INFO] [1777826412.820819291] [rviz2]: Trying to create a map of size 310 x 210 using 1 swatches
[component_container_isolated-15] [INFO] [1777826412.827881066] [smoother_server]: 
[component_container_isolated-15]       smoother_server lifecycle node launched. 
[component_container_isolated-15]       Waiting on external lifecycle transitions to activate
[component_container_isolated-15]       See https://design.ros2.org/articles/node_lifecycle.html for more information.
[component_container_isolated-15] [INFO] [1777826412.831325050] [smoother_server]: Creating smoother server
[INFO] [launch_ros.actions.load_composable_nodes]: Loaded node '/smoother_server' in container '/nav2_container'
[component_container_isolated-15] [INFO] [1777826412.836165645] [nav2_container]: Load Library: /opt/ros/jazzy/lib/libplanner_server_core.so
[component_container_isolated-15] [INFO] [1777826412.839663681] [nav2_container]: Found class: rclcpp_components::NodeFactoryTemplate<nav2_planner::PlannerServer>
[component_container_isolated-15] [INFO] [1777826412.839722661] [nav2_container]: Instantiate class: rclcpp_components::NodeFactoryTemplate<nav2_planner::PlannerServer>
[rviz2-7] [ERROR] [1777826412.848365874] [rviz2]: rviz/glsl120/indexed_8bit_image.vert
[rviz2-7] rviz/glsl120/indexed_8bit_image.frag
[rviz2-7]  GLSL link result : 
[rviz2-7] active samplers with a different type refer to the same texture image unit
[component_container_isolated-15] [INFO] [1777826412.872126782] [planner_server]: 
[component_container_isolated-15]       planner_server lifecycle node launched. 
[component_container_isolated-15]       Waiting on external lifecycle transitions to activate
[component_container_isolated-15]       See https://design.ros2.org/articles/node_lifecycle.html for more information.
[component_container_isolated-15] [INFO] [1777826412.875462432] [planner_server]: Creating
[component_container_isolated-15] [INFO] [1777826412.910873176] [lifecycle_manager_localization]: Server map_server connected with bond.
[component_container_isolated-15] [INFO] [1777826412.910971891] [lifecycle_manager_localization]: Managed nodes are active
[component_container_isolated-15] [INFO] [1777826412.911062040] [lifecycle_manager_localization]: Creating bond timer...
[component_container_isolated-15] [INFO] [1777826412.911336004] [global_costmap.global_costmap]: 
[component_container_isolated-15]       global_costmap lifecycle node launched. 
[component_container_isolated-15]       Waiting on external lifecycle transitions to activate
[component_container_isolated-15]       See https://design.ros2.org/articles/node_lifecycle.html for more information.
[component_container_isolated-15] [INFO] [1777826412.912414328] [global_costmap.global_costmap]: Creating Costmap
[INFO] [launch_ros.actions.load_composable_nodes]: Loaded node '/planner_server' in container '/nav2_container'
[component_container_isolated-15] [INFO] [1777826412.919872327] [nav2_container]: Load Library: /opt/ros/jazzy/lib/libbehavior_server_core.so
[component_container_isolated-15] [INFO] [1777826412.923501859] [nav2_container]: Found class: rclcpp_components::NodeFactoryTemplate<behavior_server::BehaviorServer>
[component_container_isolated-15] [INFO] [1777826412.923547615] [nav2_container]: Instantiate class: rclcpp_components::NodeFactoryTemplate<behavior_server::BehaviorServer>
[component_container_isolated-15] [INFO] [1777826412.962567452] [behavior_server]: 
[component_container_isolated-15]       behavior_server lifecycle node launched. 
[component_container_isolated-15]       Waiting on external lifecycle transitions to activate
[component_container_isolated-15]       See https://design.ros2.org/articles/node_lifecycle.html for more information.
[INFO] [launch_ros.actions.load_composable_nodes]: Loaded node '/behavior_server' in container '/nav2_container'
[component_container_isolated-15] [INFO] [1777826412.971536336] [nav2_container]: Load Library: /opt/ros/jazzy/lib/libbt_navigator_core.so
[component_container_isolated-15] [INFO] [1777826412.989258760] [nav2_container]: Found class: rclcpp_components::NodeFactoryTemplate<nav2_bt_navigator::BtNavigator>
[component_container_isolated-15] [INFO] [1777826412.989311809] [nav2_container]: Instantiate class: rclcpp_components::NodeFactoryTemplate<nav2_bt_navigator::BtNavigator>
[component_container_isolated-15] [INFO] [1777826413.030488786] [bt_navigator]: 
[component_container_isolated-15]       bt_navigator lifecycle node launched. 
[component_container_isolated-15]       Waiting on external lifecycle transitions to activate
[component_container_isolated-15]       See https://design.ros2.org/articles/node_lifecycle.html for more information.
[component_container_isolated-15] [INFO] [1777826413.033401553] [bt_navigator]: Creating
[INFO] [launch_ros.actions.load_composable_nodes]: Loaded node '/bt_navigator' in container '/nav2_container'
[component_container_isolated-15] [INFO] [1777826413.037619029] [nav2_container]: Load Library: /opt/ros/jazzy/lib/libwaypoint_follower_core.so
[component_container_isolated-15] [INFO] [1777826413.043957205] [nav2_container]: Found class: rclcpp_components::NodeFactoryTemplate<nav2_waypoint_follower::WaypointFollower>
[component_container_isolated-15] [INFO] [1777826413.044017398] [nav2_container]: Instantiate class: rclcpp_components::NodeFactoryTemplate<nav2_waypoint_follower::WaypointFollower>
[component_container_isolated-15] [INFO] [1777826413.228322284] [waypoint_follower]: 
[component_container_isolated-15]       waypoint_follower lifecycle node launched. 
[component_container_isolated-15]       Waiting on external lifecycle transitions to activate
[component_container_isolated-15]       See https://design.ros2.org/articles/node_lifecycle.html for more information.
[component_container_isolated-15] [INFO] [1777826413.230435521] [waypoint_follower]: Creating
[INFO] [launch_ros.actions.load_composable_nodes]: Loaded node '/waypoint_follower' in container '/nav2_container'
[component_container_isolated-15] [INFO] [1777826413.236219286] [nav2_container]: Load Library: /opt/ros/jazzy/lib/libvelocity_smoother_core.so
[component_container_isolated-15] [INFO] [1777826413.240078099] [nav2_container]: Found class: rclcpp_components::NodeFactoryTemplate<nav2_velocity_smoother::VelocitySmoother>
[component_container_isolated-15] [INFO] [1777826413.240149213] [nav2_container]: Instantiate class: rclcpp_components::NodeFactoryTemplate<nav2_velocity_smoother::VelocitySmoother>
[component_container_isolated-15] [INFO] [1777826413.315564271] [velocity_smoother]: 
[INFO] [launch_ros.actions.load_composable_nodes]: Loaded node '/velocity_smoother' in container '/nav2_container'
[component_container_isolated-15]       velocity_smoother lifecycle node launched. 
[component_container_isolated-15]       Waiting on external lifecycle transitions to activate
[component_container_isolated-15]       See https://design.ros2.org/articles/node_lifecycle.html for more information.
[component_container_isolated-15] [INFO] [1777826413.320493403] [nav2_container]: Load Library: /opt/ros/jazzy/lib/libcollision_monitor_core.so
[component_container_isolated-15] [INFO] [1777826413.334407098] [nav2_container]: Found class: rclcpp_components::NodeFactoryTemplate<nav2_collision_monitor::CollisionMonitor>
[component_container_isolated-15] [INFO] [1777826413.334480355] [nav2_container]: Instantiate class: rclcpp_components::NodeFactoryTemplate<nav2_collision_monitor::CollisionMonitor>
[component_container_isolated-15] [INFO] [1777826413.382886730] [collision_monitor]: 
[component_container_isolated-15]       collision_monitor lifecycle node launched. 
[INFO] [launch_ros.actions.load_composable_nodes]: Loaded node '/collision_monitor' in container '/nav2_container'
[component_container_isolated-15]       Waiting on external lifecycle transitions to activate
[component_container_isolated-15]       See https://design.ros2.org/articles/node_lifecycle.html for more information.
[component_container_isolated-15] [INFO] [1777826413.386851552] [nav2_container]: Found class: rclcpp_components::NodeFactoryTemplate<nav2_lifecycle_manager::LifecycleManager>
[component_container_isolated-15] [INFO] [1777826413.386906896] [nav2_container]: Instantiate class: rclcpp_components::NodeFactoryTemplate<nav2_lifecycle_manager::LifecycleManager>
[component_container_isolated-15] [INFO] [1777826413.421913621] [lifecycle_manager_navigation]: Creating
[INFO] [launch_ros.actions.load_composable_nodes]: Loaded node '/lifecycle_manager_navigation' in container '/nav2_container'
[component_container_isolated-15] [INFO] [1777826413.467824492] [lifecycle_manager_navigation]: Creating and initializing lifecycle service clients
[component_container_isolated-15] [INFO] [1777826413.516020082] [lifecycle_manager_navigation]: Starting managed nodes bringup...
[component_container_isolated-15] [INFO] [1777826413.516169903] [lifecycle_manager_navigation]: Configuring controller_server
[component_container_isolated-15] [INFO] [1777826413.516559614] [controller_server]: Configuring controller interface
[component_container_isolated-15] [INFO] [1777826413.516618214] [controller_server]: getting progress checker plugins..
[component_container_isolated-15] [INFO] [1777826413.517094779] [controller_server]: getting goal checker plugins..
[component_container_isolated-15] [INFO] [1777826413.517709232] [controller_server]: Controller frequency set to 10.0000Hz
[component_container_isolated-15] [INFO] [1777826413.517813217] [local_costmap.local_costmap]: Configuring
[component_container_isolated-15] [INFO] [1777826413.542443827] [local_costmap.local_costmap]: Using plugin "voxel_layer"
[component_container_isolated-15] [INFO] [1777826413.556425440] [local_costmap.local_costmap]: Subscribed to Topics: scan
[component_container_isolated-15] [INFO] [1777826413.589462578] [local_costmap.local_costmap]: Initialized plugin "voxel_layer"
[component_container_isolated-15] [INFO] [1777826413.589513483] [local_costmap.local_costmap]: Using plugin "inflation_layer"
[component_container_isolated-15] [INFO] [1777826413.592442821] [local_costmap.local_costmap]: Initialized plugin "inflation_layer"
[component_container_isolated-15] [INFO] [1777826413.639725197] [controller_server]: Created progress_checker : progress_checker of type nav2_controller::SimpleProgressChecker
[component_container_isolated-15] [INFO] [1777826413.640631448] [controller_server]: Controller Server has progress_checker  progress checkers available.
[component_container_isolated-15] [INFO] [1777826413.642247872] [controller_server]: Created goal checker : general_goal_checker of type nav2_controller::SimpleGoalChecker
[component_container_isolated-15] [INFO] [1777826413.643497287] [controller_server]: Controller Server has general_goal_checker  goal checkers available.
[component_container_isolated-15] [INFO] [1777826413.655444020] [controller_server]: Created controller : FollowPath of type dwb_core::DWBLocalPlanner
[component_container_isolated-15] [INFO] [1777826413.658903012] [controller_server]: Setting transform_tolerance to 0.100000
[component_container_isolated-15] [INFO] [1777826413.694608248] [controller_server]: Using critic "RotateToGoal" (dwb_critics::RotateToGoalCritic)
[component_container_isolated-15] [INFO] [1777826413.696223069] [controller_server]: Critic plugin initialized
[component_container_isolated-15] [INFO] [1777826413.696641635] [controller_server]: Using critic "Oscillation" (dwb_critics::OscillationCritic)
[component_container_isolated-15] [INFO] [1777826413.698000395] [controller_server]: Critic plugin initialized
[component_container_isolated-15] [INFO] [1777826413.698282014] [controller_server]: Using critic "BaseObstacle" (dwb_critics::BaseObstacleCritic)
[component_container_isolated-15] [INFO] [1777826413.698769338] [controller_server]: Critic plugin initialized
[component_container_isolated-15] [INFO] [1777826413.699063831] [controller_server]: Using critic "GoalAlign" (dwb_critics::GoalAlignCritic)
[component_container_isolated-15] [INFO] [1777826413.701461772] [controller_server]: Critic plugin initialized
[component_container_isolated-15] [INFO] [1777826413.701814474] [controller_server]: Using critic "PathAlign" (dwb_critics::PathAlignCritic)
[component_container_isolated-15] [INFO] [1777826413.704185394] [controller_server]: Critic plugin initialized
[component_container_isolated-15] [INFO] [1777826413.704668601] [controller_server]: Using critic "PathDist" (dwb_critics::PathDistCritic)
[component_container_isolated-15] [INFO] [1777826413.706857169] [controller_server]: Critic plugin initialized
[component_container_isolated-15] [INFO] [1777826413.707312613] [controller_server]: Using critic "GoalDist" (dwb_critics::GoalDistCritic)
[component_container_isolated-15] [INFO] [1777826413.710480930] [controller_server]: Critic plugin initialized
[component_container_isolated-15] [INFO] [1777826413.710554669] [controller_server]: Controller Server has FollowPath  controllers available.
[component_container_isolated-15] [INFO] [1777826413.742325350] [lifecycle_manager_navigation]: Configuring smoother_server
[component_container_isolated-15] [INFO] [1777826413.742626024] [smoother_server]: Configuring smoother server
[component_container_isolated-15] [INFO] [1777826413.759289540] [smoother_server]: Created smoother : simple_smoother of type nav2_smoother::SimpleSmoother
[component_container_isolated-15] [INFO] [1777826413.762028170] [smoother_server]: Smoother Server has simple_smoother  smoothers available.
[component_container_isolated-15] [INFO] [1777826413.778780904] [lifecycle_manager_navigation]: Configuring planner_server
[component_container_isolated-15] [INFO] [1777826413.778998853] [planner_server]: Configuring
[component_container_isolated-15] [INFO] [1777826413.779075307] [global_costmap.global_costmap]: Configuring
[component_container_isolated-15] [INFO] [1777826413.795804175] [global_costmap.global_costmap]: Using plugin "static_layer"
[component_container_isolated-15] [INFO] [1777826413.798009424] [global_costmap.global_costmap]: Subscribing to the map topic (/map) with transient local durability
[component_container_isolated-15] [INFO] [1777826413.799841383] [global_costmap.global_costmap]: Initialized plugin "static_layer"
[component_container_isolated-15] [INFO] [1777826413.799877130] [global_costmap.global_costmap]: Using plugin "obstacle_layer"
[component_container_isolated-15] [INFO] [1777826413.801975709] [global_costmap.global_costmap]: Subscribed to Topics: scan
[component_container_isolated-15] [INFO] [1777826413.814100226] [global_costmap.global_costmap]: Initialized plugin "obstacle_layer"
[component_container_isolated-15] [INFO] [1777826413.814166490] [global_costmap.global_costmap]: Using plugin "virtual_layer"
[component_container_isolated-15] [INFO] [1777826413.826688513] [global_costmap.global_costmap.virtual_layer]: Parsing 0 WKT forms from parameters in frame 'map' with default cost 254...
[lifecycle_manager-14] [INFO] [1777826413.846487544] [lifecycle_manager_application]: Managed nodes are active
[component_container_isolated-15] [INFO] [1777826413.852902254] [global_costmap.global_costmap.virtual_layer]: Visualization enabled at 2.0 Hz
[component_container_isolated-15] [INFO] [1777826413.852953220] [global_costmap.global_costmap.virtual_layer]: VirtualLayer initialized: 0 circles, 0 lines, 0 polygons
[component_container_isolated-15] [INFO] [1777826413.852985480] [global_costmap.global_costmap]: Initialized plugin "virtual_layer"
[component_container_isolated-15] [INFO] [1777826413.852995058] [global_costmap.global_costmap]: Using plugin "inflation_layer"
[component_container_isolated-15] [INFO] [1777826413.855131218] [global_costmap.global_costmap]: Initialized plugin "inflation_layer"
[component_container_isolated-15] [INFO] [1777826413.903515532] [global_costmap.global_costmap]: StaticLayer: Resizing costmap to 310 X 210 at 0.010000 m/pix
[component_container_isolated-15] [INFO] [1777826413.905234698] [global_costmap.global_costmap.virtual_layer]: Cleared all shapes (0 total)
[jenga_manager_node-13] [INFO] [1777826413.905750376] [jenga_manager]: Nettoyage terminé. Ajout des Jengas...
[jenga_manager_node-13] [INFO] [1777826413.906996605] [jenga_manager]: Jenga groups.A0 added.
[jenga_manager_node-13] [INFO] [1777826413.907887247] [jenga_manager]: Jenga groups.A1 added.
[jenga_manager_node-13] [INFO] [1777826413.908369302] [jenga_manager]: Jenga groups.A2 added.
[jenga_manager_node-13] [INFO] [1777826413.908900188] [jenga_manager]: Jenga groups.A3 added.
[jenga_manager_node-13] [INFO] [1777826413.909288066] [jenga_manager]: Jenga groups.B0 added.
[jenga_manager_node-13] [INFO] [1777826413.909746787] [jenga_manager]: Jenga groups.B1 added.
[jenga_manager_node-13] [INFO] [1777826413.910123604] [jenga_manager]: Jenga groups.B2 added.
[jenga_manager_node-13] [INFO] [1777826413.910704986] [jenga_manager]: Jenga groups.B3 added.
[jenga_manager_node-13] [INFO] [1777826413.911002504] [jenga_manager]: Jenga groups.C0 added.
[jenga_manager_node-13] [INFO] [1777826413.911399119] [jenga_manager]: Jenga groups.C1 added.
[jenga_manager_node-13] [INFO] [1777826413.911769654] [jenga_manager]: Jenga groups.C2 added.
[jenga_manager_node-13] [INFO] [1777826413.912146271] [jenga_manager]: Jenga groups.C3 added.
[jenga_manager_node-13] [INFO] [1777826413.913046130] [jenga_manager]: Jenga groups.D0 added.
[jenga_manager_node-13] [INFO] [1777826413.913550847] [jenga_manager]: Jenga groups.D1 added.
[jenga_manager_node-13] [INFO] [1777826413.913903960] [jenga_manager]: Jenga groups.D2 added.
[jenga_manager_node-13] [INFO] [1777826413.914244208] [jenga_manager]: Jenga groups.D3 added.
[jenga_manager_node-13] [INFO] [1777826413.914717878] [jenga_manager]: Jenga groups.E0 added.
[jenga_manager_node-13] [INFO] [1777826413.915047626] [jenga_manager]: Jenga groups.E1 added.
[jenga_manager_node-13] [INFO] [1777826413.915591437] [jenga_manager]: Jenga groups.E2 added.
[jenga_manager_node-13] [INFO] [1777826413.915899956] [jenga_manager]: Jenga groups.E3 added.
[jenga_manager_node-13] [INFO] [1777826413.916479133] [jenga_manager]: Jenga groups.F0 added.
[jenga_manager_node-13] [INFO] [1777826413.916846292] [jenga_manager]: Jenga groups.F1 added.
[jenga_manager_node-13] [INFO] [1777826413.917218601] [jenga_manager]: Jenga groups.F2 added.
[jenga_manager_node-13] [INFO] [1777826413.917936669] [jenga_manager]: Jenga groups.F3 added.
[jenga_manager_node-13] [INFO] [1777826413.918378959] [jenga_manager]: Jenga groups.G0 added.
[jenga_manager_node-13] [INFO] [1777826413.918829765] [jenga_manager]: Jenga groups.G1 added.
[jenga_manager_node-13] [INFO] [1777826413.919532364] [jenga_manager]: Jenga groups.G2 added.
[jenga_manager_node-13] [INFO] [1777826413.920062599] [jenga_manager]: Jenga groups.G3 added.
[jenga_manager_node-13] [INFO] [1777826413.920665331] [jenga_manager]: Jenga groups.H0 added.
[jenga_manager_node-13] [INFO] [1777826413.921174787] [jenga_manager]: Jenga groups.H1 added.
[jenga_manager_node-13] [INFO] [1777826413.921844383] [jenga_manager]: Jenga groups.H2 added.
[jenga_manager_node-13] [INFO] [1777826413.922406579] [jenga_manager]: Jenga groups.H3 added.
[jenga_manager_node-13] [INFO] [1777826413.922443378] [jenga_manager]: Chargement initial terminé.
[component_container_isolated-15] [INFO] [1777826413.923978629] [planner_server]: Created global planner plugin GridBased of type nav2_smac_planner::SmacPlanner2D
[component_container_isolated-15] [INFO] [1777826413.924060443] [planner_server]: Configuring GridBased of type SmacPlanner2D
[component_container_isolated-15] [ERROR] [1777826413.928057044] [planner_server]: Inflation layer either not found or inflation is not set sufficiently for optimized non-circular collision checking capabilities. It is HIGHLY recommended to set the inflation radius to be at MINIMUM half of the robot's largest cross-section. See github.com/ros-planning/navigation2/tree/main/nav2_smac_planner#potential-fields for full instructions. This will substantially impact run-time performance.
[component_container_isolated-15] [INFO] [1777826413.933322487] [planner_server]: Configured plugin GridBased of type SmacPlanner2D with tolerance 0.25, maximum iterations 100000, max on approach iterations 1000, and allowing unknown traversal.
[component_container_isolated-15] [INFO] [1777826413.933400263] [planner_server]: Planner Server has GridBased  planners available.
[component_container_isolated-15] [INFO] [1777826413.960876484] [lifecycle_manager_navigation]: Configuring behavior_server
[component_container_isolated-15] [INFO] [1777826413.961101897] [behavior_server]: Configuring
[component_container_isolated-15] [INFO] [1777826413.969840519] [behavior_server]: Creating behavior plugin spin of type nav2_behaviors::Spin
[component_container_isolated-15] [INFO] [1777826413.973346008] [behavior_server]: Creating behavior plugin backup of type nav2_behaviors::BackUp
[component_container_isolated-15] [INFO] [1777826413.976723738] [behavior_server]: Creating behavior plugin drive_on_heading of type nav2_behaviors::DriveOnHeading
[component_container_isolated-15] [INFO] [1777826413.980460091] [behavior_server]: Creating behavior plugin assisted_teleop of type nav2_behaviors::AssistedTeleop
[component_container_isolated-15] [INFO] [1777826413.986957436] [behavior_server]: Creating behavior plugin wait of type nav2_behaviors::Wait
[component_container_isolated-15] [INFO] [1777826413.995887787] [behavior_server]: Configuring spin
[component_container_isolated-15] [INFO] [1777826414.015137357] [behavior_server]: Configuring backup
[component_container_isolated-15] [INFO] [1777826414.031895441] [behavior_server]: Configuring drive_on_heading
[component_container_isolated-15] [INFO] [1777826414.048268873] [behavior_server]: Configuring assisted_teleop
[component_container_isolated-15] [INFO] [1777826414.200173977] [behavior_server]: Configuring wait
[component_container_isolated-15] [INFO] [1777826414.224033109] [lifecycle_manager_navigation]: Configuring velocity_smoother
[component_container_isolated-15] [INFO] [1777826414.224480418] [velocity_smoother]: Configuring velocity smoother
[component_container_isolated-15] [INFO] [1777826414.235688254] [lifecycle_manager_navigation]: Configuring collision_monitor
[component_container_isolated-15] [INFO] [1777826414.235918346] [collision_monitor]: Configuring
[component_container_isolated-15] [INFO] [1777826414.249160781] [collision_monitor]: [scan]: Creating Scan
[component_container_isolated-15] [INFO] [1777826414.254648030] [collision_monitor]: [FootprintApproach]: Creating Polygon
[component_container_isolated-15] [INFO] [1777826414.257599290] [collision_monitor]: [FootprintApproach]: Polygon points are not defined. Using dynamic subscription instead.
[component_container_isolated-15] [INFO] [1777826414.261557739] [collision_monitor]: [FootprintApproach]: Making footprint subscriber on /local_costmap/published_footprint topic
[component_container_isolated-15] [INFO] [1777826414.277059996] [lifecycle_manager_navigation]: Configuring bt_navigator
[component_container_isolated-15] [INFO] [1777826414.277262787] [bt_navigator]: Configuring
[component_container_isolated-15] [INFO] [1777826414.287644793] [bt_navigator]: Creating navigator id navigate_to_pose of type nav2_bt_navigator::NavigateToPoseNavigator
[component_container_isolated-15] [INFO] [1777826414.586015361] [bt_navigator]: Creating navigator id navigate_through_poses of type nav2_bt_navigator::NavigateThroughPosesNavigator
[component_container_isolated-15] [INFO] [1777826414.807836883] [lifecycle_manager_navigation]: Configuring waypoint_follower
[component_container_isolated-15] [INFO] [1777826414.808279123] [waypoint_follower]: Configuring
[component_container_isolated-15] [INFO] [1777826414.871038748] [waypoint_follower]: Created waypoint_task_executor : wait_at_waypoint of type nav2_waypoint_follower::WaitAtWaypoint
[component_container_isolated-15] [INFO] [1777826414.872801777] [lifecycle_manager_navigation]: Activating controller_server
[component_container_isolated-15] [INFO] [1777826414.873155070] [controller_server]: Activating
[component_container_isolated-15] [INFO] [1777826414.873209833] [local_costmap.local_costmap]: Activating
[component_container_isolated-15] [INFO] [1777826414.873223879] [local_costmap.local_costmap]: Checking transform
[component_container_isolated-15] [INFO] [1777826414.873451697] [local_costmap.local_costmap]: start
[component_container_isolated-15] [INFO] [1777826415.226524497] [controller_server]: Creating bond (controller_server) to lifecycle manager.
[component_container_isolated-15] [INFO] [1777826415.340648318] [lifecycle_manager_navigation]: Server controller_server connected with bond.
[component_container_isolated-15] [INFO] [1777826415.340739589] [lifecycle_manager_navigation]: Activating smoother_server
[component_container_isolated-15] [INFO] [1777826415.341649978] [smoother_server]: Activating
[component_container_isolated-15] [INFO] [1777826415.341730649] [smoother_server]: Creating bond (smoother_server) to lifecycle manager.
[component_container_isolated-15] [INFO] [1777826415.455601706] [lifecycle_manager_navigation]: Server smoother_server connected with bond.
[component_container_isolated-15] [INFO] [1777826415.455694591] [lifecycle_manager_navigation]: Activating planner_server
[component_container_isolated-15] [INFO] [1777826415.456317520] [planner_server]: Activating
[component_container_isolated-15] [INFO] [1777826415.456426805] [global_costmap.global_costmap]: Activating
[component_container_isolated-15] [INFO] [1777826415.456448135] [global_costmap.global_costmap]: Checking transform
[component_container_isolated-15] [INFO] [1777826415.456688877] [global_costmap.global_costmap]: start
[rviz2-7] [INFO] [1777826416.205044710] [rviz2]: Trying to create a map of size 310 x 210 using 1 swatches
[component_container_isolated-15] [INFO] [1777826416.209962390] [planner_server]: Activating plugin GridBased of type SmacPlanner2D
[component_container_isolated-15] [INFO] [1777826416.215680803] [planner_server]: Creating bond (planner_server) to lifecycle manager.
[component_container_isolated-15] [INFO] [1777826416.329918889] [lifecycle_manager_navigation]: Server planner_server connected with bond.
[component_container_isolated-15] [INFO] [1777826416.330005922] [lifecycle_manager_navigation]: Activating behavior_server
[component_container_isolated-15] [INFO] [1777826416.330641264] [behavior_server]: Activating
[component_container_isolated-15] [INFO] [1777826416.330683183] [behavior_server]: Activating spin
[component_container_isolated-15] [INFO] [1777826416.330732415] [behavior_server]: Activating backup
[component_container_isolated-15] [INFO] [1777826416.330759466] [behavior_server]: Activating drive_on_heading
[component_container_isolated-15] [INFO] [1777826416.330801185] [behavior_server]: Activating assisted_teleop
[component_container_isolated-15] [INFO] [1777826416.330826773] [behavior_server]: Activating wait
[component_container_isolated-15] [INFO] [1777826416.330860356] [behavior_server]: Creating bond (behavior_server) to lifecycle manager.
[component_container_isolated-15] [INFO] [1777826416.446152920] [lifecycle_manager_navigation]: Server behavior_server connected with bond.
[component_container_isolated-15] [INFO] [1777826416.446221108] [lifecycle_manager_navigation]: Activating velocity_smoother
[component_container_isolated-15] [INFO] [1777826416.446878352] [velocity_smoother]: Activating
[component_container_isolated-15] [INFO] [1777826416.447000882] [velocity_smoother]: Creating bond (velocity_smoother) to lifecycle manager.
[component_container_isolated-15] [INFO] [1777826416.564073678] [lifecycle_manager_navigation]: Server velocity_smoother connected with bond.
[component_container_isolated-15] [INFO] [1777826416.564148608] [lifecycle_manager_navigation]: Activating collision_monitor
[component_container_isolated-15] [INFO] [1777826416.564719760] [collision_monitor]: Activating
[component_container_isolated-15] [INFO] [1777826416.564837621] [collision_monitor]: Creating bond (collision_monitor) to lifecycle manager.
[component_container_isolated-15] [INFO] [1777826416.681737503] [lifecycle_manager_navigation]: Server collision_monitor connected with bond.
[component_container_isolated-15] [INFO] [1777826416.681793738] [lifecycle_manager_navigation]: Activating bt_navigator
[component_container_isolated-15] [INFO] [1777826416.682256146] [bt_navigator]: Activating
[component_container_isolated-15] [INFO] [1777826416.941723976] [bt_navigator]: Creating bond (bt_navigator) to lifecycle manager.
[component_container_isolated-15] [INFO] [1777826417.059232700] [lifecycle_manager_navigation]: Server bt_navigator connected with bond.
[component_container_isolated-15] [INFO] [1777826417.059315636] [lifecycle_manager_navigation]: Activating waypoint_follower
[component_container_isolated-15] [INFO] [1777826417.060182422] [waypoint_follower]: Activating
[component_container_isolated-15] [INFO] [1777826417.060265178] [waypoint_follower]: Creating bond (waypoint_follower) to lifecycle manager.
[component_container_isolated-15] [INFO] [1777826417.172550878] [lifecycle_manager_navigation]: Server waypoint_follower connected with bond.
[component_container_isolated-15] [INFO] [1777826417.172629666] [lifecycle_manager_navigation]: Managed nodes are active
[component_container_isolated-15] [INFO] [1777826417.172645045] [lifecycle_manager_navigation]: Creating bond timer...